Archive member included to satisfy reference by file (symbol)

/Applications/ArmGNUToolchain/15.2.rel1/arm-none-eabi/bin/../lib/gcc/arm-none-eabi/15.2.1/thumb/v6-m/nofp/libgcc.a(_dvmd_tls.o)
                              CMakeFiles/CatGenieEmulator.dir/Users/jenyatokarzhevsky/pico/pico-sdk/src/rp2_common/pico_divider/divider_hardware.S.o (__aeabi_idiv0)
/Applications/ArmGNUToolchain/15.2.rel1/arm-none-eabi/bin/../lib/gcc/arm-none-eabi/15.2.1/../../../../arm-none-eabi/lib/thumb/v6-m/nofp/libg.a(libc_a-ctype_.o)
                              CMakeFiles/CatGenieEmulator.dir/Users/jenyatokarzhevsky/pico/pico-sdk/lib/tinyusb/src/tusb.c.o (_ctype_)
/Applications/ArmGNUToolchain/15.2.rel1/arm-none-eabi/bin/../lib/gcc/arm-none-eabi/15.2.1/../../../../arm-none-eabi/lib/thumb/v6-m/nofp/libg.a(libc_a-calloc.o)
                              CMakeFiles/CatGenieEmulator.dir/Users/jenyatokarzhevsky/pico/pico-sdk/src/rp2_common/pico_malloc/malloc.c.o (calloc)
/Applications/ArmGNUToolchain/15.2.rel1/arm-none-eabi/bin/../lib/gcc/arm-none-eabi/15.2.1/../../../../arm-none-eabi/lib/thumb/v6-m/nofp/libg.a(libc_a-callocr.o)
                              /Applications/ArmGNUToolchain/15.2.rel1/arm-none-eabi/bin/../lib/gcc/arm-none-eabi/15.2.1/../../../../arm-none-eabi/lib/thumb/v6-m/nofp/libg.a(libc_a-calloc.o) (_calloc_r)
/Applications/ArmGNUToolchain/15.2.rel1/arm-none-eabi/bin/../lib/gcc/arm-none-eabi/15.2.1/../../../../arm-none-eabi/lib/thumb/v6-m/nofp/libg.a(libc_a-malloc.o)
                              CMakeFiles/CatGenieEmulator.dir/Users/jenyatokarzhevsky/pico/pico-sdk/src/rp2_common/pico_malloc/malloc.c.o (malloc)
/Applications/ArmGNUToolchain/15.2.rel1/arm-none-eabi/bin/../lib/gcc/arm-none-eabi/15.2.1/../../../../arm-none-eabi/lib/thumb/v6-m/nofp/libg.a(libc_a-mallocr.o)
                              /Applications/ArmGNUToolchain/15.2.rel1/arm-none-eabi/bin/../lib/gcc/arm-none-eabi/15.2.1/../../../../arm-none-eabi/lib/thumb/v6-m/nofp/libg.a(libc_a-callocr.o) (_malloc_r)
/Applications/ArmGNUToolchain/15.2.rel1/arm-none-eabi/bin/../lib/gcc/arm-none-eabi/15.2.1/../../../../arm-none-eabi/lib/thumb/v6-m/nofp/libg.a(libc_a-mlock.o)
                              /Applications/ArmGNUToolchain/15.2.rel1/arm-none-eabi/bin/../lib/gcc/arm-none-eabi/15.2.1/../../../../arm-none-eabi/lib/thumb/v6-m/nofp/libg.a(libc_a-mallocr.o) (__malloc_lock)
/Applications/ArmGNUToolchain/15.2.rel1/arm-none-eabi/bin/../lib/gcc/arm-none-eabi/15.2.1/../../../../arm-none-eabi/lib/thumb/v6-m/nofp/libg.a(libc_a-realloc.o)
                              CMakeFiles/CatGenieEmulator.dir/Users/jenyatokarzhevsky/pico/pico-sdk/src/rp2_common/pico_malloc/malloc.c.o (realloc)
/Applications/ArmGNUToolchain/15.2.rel1/arm-none-eabi/bin/../lib/gcc/arm-none-eabi/15.2.1/../../../../arm-none-eabi/lib/thumb/v6-m/nofp/libg.a(libc_a-reallocr.o)
                              /Applications/ArmGNUToolchain/15.2.rel1/arm-none-eabi/bin/../lib/gcc/arm-none-eabi/15.2.1/../../../../arm-none-eabi/lib/thumb/v6-m/nofp/libg.a(libc_a-realloc.o) (_realloc_r)
/Applications/ArmGNUToolchain/15.2.rel1/arm-none-eabi/bin/../lib/gcc/arm-none-eabi/15.2.1/../../../../arm-none-eabi/lib/thumb/v6-m/nofp/libg.a(libc_a-memcmp.o)
                              CMakeFiles/CatGenieEmulator.dir/Users/jenyatokarzhevsky/pico/pico-sdk/src/rp2_common/pico_atomic/atomic.c.o (memcmp)
/Applications/ArmGNUToolchain/15.2.rel1/arm-none-eabi/bin/../lib/gcc/arm-none-eabi/15.2.1/../../../../arm-none-eabi/lib/thumb/v6-m/nofp/libg.a(libc_a-memmove.o)
                              /Applications/ArmGNUToolchain/15.2.rel1/arm-none-eabi/bin/../lib/gcc/arm-none-eabi/15.2.1/../../../../arm-none-eabi/lib/thumb/v6-m/nofp/libg.a(libc_a-reallocr.o) (memmove)
/Applications/ArmGNUToolchain/15.2.rel1/arm-none-eabi/bin/../lib/gcc/arm-none-eabi/15.2.1/../../../../arm-none-eabi/lib/thumb/v6-m/nofp/libg.a(libc_a-lcltime_r.o)
                              CMakeFiles/CatGenieEmulator.dir/Users/jenyatokarzhevsky/pico/pico-sdk/src/common/pico_util/datetime.c.o (localtime_r)
/Applications/ArmGNUToolchain/15.2.rel1/arm-none-eabi/bin/../lib/gcc/arm-none-eabi/15.2.1/../../../../arm-none-eabi/lib/thumb/v6-m/nofp/libg.a(libc_a-mktime.o)
                              CMakeFiles/CatGenieEmulator.dir/Users/jenyatokarzhevsky/pico/pico-sdk/src/common/pico_util/datetime.c.o (mktime)
/Applications/ArmGNUToolchain/15.2.rel1/arm-none-eabi/bin/../lib/gcc/arm-none-eabi/15.2.1/../../../../arm-none-eabi/lib/thumb/v6-m/nofp/libg.a(libc_a-month_lengths.o)
                              /Applications/ArmGNUToolchain/15.2.rel1/arm-none-eabi/bin/../lib/gcc/arm-none-eabi/15.2.1/../../../../arm-none-eabi/lib/thumb/v6-m/nofp/libg.a(libc_a-lcltime_r.o) (__month_lengths)
/Applications/ArmGNUToolchain/15.2.rel1/arm-none-eabi/bin/../lib/gcc/arm-none-eabi/15.2.1/../../../../arm-none-eabi/lib/thumb/v6-m/nofp/libg.a(libc_a-tzcalc_limits.o)
[...]
Memory Configuration

Name             Origin             Length             Attributes
FLASH            0x10000000         0x00800000         xr
RAM              0x20000000         0x00040000         xrw
SCRATCH_X        0x20040000         0x00001000         xrw
SCRATCH_Y        0x20041000         0x00001000         xrw
*default*        0x00000000         0xffffffff

Linker script and memory map

LOAD /Applications/ArmGNUToolchain/15.2.rel1/arm-none-eabi/bin/../lib/gcc/arm-none-eabi/15.2.1/thumb/v6-m/nofp/crti.o
LOAD /Applications/ArmGNUToolchain/15.2.rel1/arm-none-eabi/bin/../lib/gcc/arm-none-eabi/15.2.1/thumb/v6-m/nofp/crtbegin.o
LOAD /Applications/ArmGNUToolchain/15.2.rel1/arm-none-eabi/bin/../lib/gcc/arm-none-eabi/15.2.1/../../../../arm-none-eabi/lib/thumb/v6-m/nofp/crt0.o

.flash_begin    0x10000000        0x0
                0x10000000                        __flash_binary_start = .

.boot2          0x10000000      0x100
                0x10000000                        __boot2_start__ = .
 *(.boot2)
 .boot2         0x10000000      0x100 pico-sdk/src/rp2040/boot_stage2/CMakeFiles/bs2_default_library.dir/./bs2_default_padded_checksummed.S.o
                0x10000100                        __boot2_end__ = .
                0x00000001                        ASSERT (((__boot2_end__ - __boot2_start__) == 0x100), ERROR: Pico second stage bootloader must be 256 bytes in size)

.text           0x10000100     0x34dc
                0x10000100                        __logical_binary_start = .
 *(.vectors)
 .vectors       0x10000100       0xd4 CMakeFiles/CatGenieEmulator.dir/Users/jenyatokarzhevsky/pico/pico-sdk/src/rp2_common/pico_crt0/crt0.S.o
                0x10000100                __VECTOR_TABLE
                0x10000100                __vectors
                0x100001c0                isr_irq13
                0x100001c0                isr_irq27
                0x100001c0                isr_irq31
                0x100001c0                isr_irq5
                0x100001c0                isr_irq11
                0x100001c0                isr_irq23
                0x100001c0                isr_irq18
                0x100001c0                isr_irq9
                0x100001c0                __unhandled_user_irq
                0x100001c0                isr_irq25
                0x100001c0                isr_irq4
                0x100001c0                isr_irq16
                0x100001c0                isr_irq29
                0x100001c0                isr_irq26
                0x100001c0                isr_irq3
                0x100001c0                isr_irq12
                0x100001c0                isr_irq30
                0x100001c0                isr_irq28
                0x100001c0                isr_irq19
                0x100001c0                isr_irq0
                0x100001c0                isr_irq6
                0x100001c0                isr_irq22
                0x100001c0                isr_irq17
                0x100001c0                isr_irq14
                0x100001c0                __vectors_end
                0x100001c0                __default_isrs_start
                0x100001c0                isr_irq2
                0x100001c0                isr_irq10
                0x100001c0                isr_irq8
                0x100001c0                isr_irq24
                0x100001c0                isr_irq1
                0x100001c0                isr_irq7
                0x100001c0                isr_irq21
                0x100001c0                isr_irq20
                0x100001c0                isr_irq15
                0x100001c6                unhandled_user_irq_num_in_r0
                0x100001c8                isr_invalid
                0x100001ca                isr_nmi
                0x100001cc                isr_hardfault
                0x100001ce                isr_svcall
                0x100001d0                isr_pendsv
                0x100001d2                isr_systick
                0x100001d4                __default_isrs_end
 *(.binary_info_header)
 .binary_info_header
                0x100001d4       0x14 CMakeFiles/CatGenieEmulator.dir/Users/jenyatokarzhevsky/pico/pico-sdk/src/rp2_common/pico_crt0/crt0.S.o
                0x100001e8                        __binary_info_header_end = .
 *(.embedded_block)
                0x100001e8                        __embedded_block_end = .
 *(.reset)
 .reset         0x100001e8       0x9c CMakeFiles/CatGenieEmulator.dir/Users/jenyatokarzhevsky/pico/pico-sdk/src/rp2_common/pico_crt0/crt0.S.o
                0x100001e8                _entry_point
 *(.init)
 .init          0x10000284        0x4 /Applications/ArmGNUToolchain/15.2.rel1/arm-none-eabi/bin/../lib/gcc/arm-none-eabi/15.2.1/thumb/v6-m/nofp/crti.o
                0x10000284                _init
 *(EXCLUDE_FILE(*libm.a: *libc.a:*lib_a-mem*.o *libgcc.a:) .text*)
 .text.register_tm_clones
                0x10000288       0x28 /Applications/ArmGNUToolchain/15.2.rel1/arm-none-eabi/bin/../lib/gcc/arm-none-eabi/15.2.1/thumb/v6-m/nofp/crtbegin.o
 .text.frame_dummy
                0x100002b0       0x24 /Applications/ArmGNUToolchain/15.2.rel1/arm-none-eabi/bin/../lib/gcc/arm-none-eabi/15.2.1/thumb/v6-m/nofp/crtbegin.o
 .text.i2c_read_byte_raw
                0x100002d4       0x2c CMakeFiles/CatGenieEmulator.dir/main.c.o
 .text.i2c_write_byte_raw
                0x10000300       0x28 CMakeFiles/CatGenieEmulator.dir/main.c.o
 .text.i2c_interrupt_handler
                0x10000328      0x16c CMakeFiles/CatGenieEmulator.dir/main.c.o
                0x10000328                i2c_interrupt_handler
 .text.flash_write_counter
                0x10000494       0x48 CMakeFiles/CatGenieEmulator.dir/main.c.o
                0x10000494                flash_write_counter
 .text.flash_read_counter
                0x100004dc        0xc CMakeFiles/CatGenieEmulator.dir/main.c.o
                0x100004dc                flash_read_counter
 .text.main     0x100004e8       0xc4 CMakeFiles/CatGenieEmulator.dir/main.c.o
                0x100004e8                main
 .text.gpio_set_function
                0x100005ac       0x34 CMakeFiles/CatGenieEmulator.dir/Users/jenyatokarzhevsky/pico/pico-sdk/src/rp2_common/hardware_gpio/gpio.c.o
                0x100005ac                gpio_set_function
 .text.gpio_set_pulls
                0x100005e0       0x34 CMakeFiles/CatGenieEmulator.dir/Users/jenyatokarzhevsky/pico/pico-sdk/src/rp2_common/hardware_gpio/gpio.c.o
                0x100005e0                gpio_set_pulls
 .text.gpio_init
                0x10000614       0x16 CMakeFiles/CatGenieEmulator.dir/Users/jenyatokarzhevsky/pico/pico-sdk/src/rp2_common/hardware_gpio/gpio.c.o
                0x10000614                gpio_init
 *fill*         0x1000062a        0x2 
 .text.panic    0x1000062c       0x30 CMakeFiles/CatGenieEmulator.dir/Users/jenyatokarzhevsky/pico/pico-sdk/src/rp2_common/pico_platform_panic/panic.c.o
                0x1000062c                panic
 .text.hw_claim_lock
                0x1000065c       0x18 CMakeFiles/CatGenieEmulator.dir/Users/jenyatokarzhevsky/pico/pico-sdk/src/common/hardware_claim/claim.c.o
                0x1000065c                hw_claim_lock
 .text.hw_claim_unlock
                0x10000674       0x14 CMakeFiles/CatGenieEmulator.dir/Users/jenyatokarzhevsky/pico/pico-sdk/src/common/hardware_claim/claim.c.o
                0x10000674                hw_claim_unlock
 .text.hw_claim_or_assert
                0x10000688       0x36 CMakeFiles/CatGenieEmulator.dir/Users/jenyatokarzhevsky/pico/pico-sdk/src/common/hardware_claim/claim.c.o
                0x10000688                hw_claim_or_assert
 *fill*         0x100006be        0x2 
 .text.next_striped_spin_lock_num
                0x100006c0       0x1c CMakeFiles/CatGenieEmulator.dir/Users/jenyatokarzhevsky/pico/pico-sdk/src/rp2_common/hardware_sync/sync.c.o
                0x100006c0                next_striped_spin_lock_num
 .text.spin_locks_reset
                0x100006dc       0x20 CMakeFiles/CatGenieEmulator.dir/Users/jenyatokarzhevsky/pico/pico-sdk/src/rp2_common/hardware_sync_spin_lock/sync_spin_lock.c.o
                0x100006dc                spin_locks_reset
 .text.set_raw_irq_handler_and_unlock
                0x100006fc       0x28 CMakeFiles/CatGenieEmulator.dir/Users/jenyatokarzhevsky/pico/pico-sdk/src/rp2_common/hardware_irq/irq.c.o
 .text.nvic_ipr0
                0x10000724        0x8 CMakeFiles/CatGenieEmulator.dir/Users/jenyatokarzhevsky/pico/pico-sdk/src/rp2_common/hardware_irq/irq.c.o
 .text.runtime_init_per_core_irq_priorities
                0x1000072c       0x1c CMakeFiles/CatGenieEmulator.dir/Users/jenyatokarzhevsky/pico/pico-sdk/src/rp2_common/hardware_irq/irq.c.o
                0x1000072c                runtime_init_per_core_irq_priorities
 .text.irq_set_mask_n_enabled
                0x10000748       0x1c CMakeFiles/CatGenieEmulator.dir/Users/jenyatokarzhevsky/pico/pico-sdk/src/rp2_common/hardware_irq/irq.c.o
                0x10000748                irq_set_mask_n_enabled
 .text.irq_set_enabled
                0x10000764       0x14 CMakeFiles/CatGenieEmulator.dir/Users/jenyatokarzhevsky/pico/pico-sdk/src/rp2_common/hardware_irq/irq.c.o
                0x10000764                irq_set_enabled
 .text.irq_get_vtable_handler
                0x10000778       0x10 CMakeFiles/CatGenieEmulator.dir/Users/jenyatokarzhevsky/pico/pico-sdk/src/rp2_common/hardware_irq/irq.c.o
                0x10000778                irq_get_vtable_handler
 .text.irq_set_exclusive_handler
                0x10000788       0x54 CMakeFiles/CatGenieEmulator.dir/Users/jenyatokarzhevsky/pico/pico-sdk/src/rp2_common/hardware_irq/irq.c.o
                0x10000788                irq_set_exclusive_handler
 .text.lock_init
                0x100007dc       0x10 CMakeFiles/CatGenieEmulator.dir/Users/jenyatokarzhevsky/pico/pico-sdk/src/common/pico_sync/lock_core.c.o
                0x100007dc                lock_init
 .text.mutex_init
                0x100007ec       0x1a CMakeFiles/CatGenieEmulator.dir/Users/jenyatokarzhevsky/pico/pico-sdk/src/common/pico_sync/mutex.c.o
                0x100007ec                mutex_init
 .text.recursive_mutex_init
                0x10000806       0x1e CMakeFiles/CatGenieEmulator.dir/Users/jenyatokarzhevsky/pico/pico-sdk/src/common/pico_sync/mutex.c.o
                0x10000806                recursive_mutex_init
 .text.runtime_init_mutex
                0x10000824       0x4c CMakeFiles/CatGenieEmulator.dir/Users/jenyatokarzhevsky/pico/pico-sdk/src/common/pico_sync/mutex.c.o
                0x10000824                runtime_init_mutex
 .text.ta_set_timeout
                0x10000870       0x28 CMakeFiles/CatGenieEmulator.dir/Users/jenyatokarzhevsky/pico/pico-sdk/src/common/pico_time/time.c.o
 .text.make_alarm_id
                0x10000898        0x6 CMakeFiles/CatGenieEmulator.dir/Users/jenyatokarzhevsky/pico/pico-sdk/src/common/pico_time/time.c.o
 *fill*         0x1000089e        0x2 
 .text.sleep_until_callback
                0x100008a0       0x30 CMakeFiles/CatGenieEmulator.dir/Users/jenyatokarzhevsky/pico/pico-sdk/src/common/pico_time/time.c.o
 .text.alarm_pool_irq_handler
                0x100008d0      0x2f4 CMakeFiles/CatGenieEmulator.dir/Users/jenyatokarzhevsky/pico/pico-sdk/src/common/pico_time/time.c.o
 .text.ta_enable_irq_handler
                0x10000bc4       0x2c CMakeFiles/CatGenieEmulator.dir/Users/jenyatokarzhevsky/pico/pico-sdk/src/common/pico_time/time.c.o
 .text.alarm_pool_post_alloc_init
                0x10000bf0       0x68 CMakeFiles/CatGenieEmulator.dir/Users/jenyatokarzhevsky/pico/pico-sdk/src/common/pico_time/time.c.o
 .text.alarm_pool_get_default
                0x10000c58       0x2c CMakeFiles/CatGenieEmulator.dir/Users/jenyatokarzhevsky/pico/pico-sdk/src/common/pico_time/time.c.o
                0x10000c58                alarm_pool_get_default
 .text.alarm_pool_add_alarm_at_force_in_context
                0x10000c84       0xa4 CMakeFiles/CatGenieEmulator.dir/Users/jenyatokarzhevsky/pico/pico-sdk/src/common/pico_time/time.c.o
                0x10000c84                alarm_pool_add_alarm_at_force_in_context
 .text.alarm_pool_add_alarm_at
                0x10000d28       0x3c CMakeFiles/CatGenieEmulator.dir/Users/jenyatokarzhevsky/pico/pico-sdk/src/common/pico_time/time.c.o
                0x10000d28                alarm_pool_add_alarm_at
 .text.add_alarm_at
                0x10000d64       0x2e CMakeFiles/CatGenieEmulator.dir/Users/jenyatokarzhevsky/pico/pico-sdk/src/common/pico_time/time.c.o
 *fill*         0x10000d92        0x2 
 .text.alarm_pool_cancel_alarm
                0x10000d94       0x7c CMakeFiles/CatGenieEmulator.dir/Users/jenyatokarzhevsky/pico/pico-sdk/src/common/pico_time/time.c.o
                0x10000d94                alarm_pool_cancel_alarm
 .text.cancel_alarm
                0x10000e10       0x10 CMakeFiles/CatGenieEmulator.dir/Users/jenyatokarzhevsky/pico/pico-sdk/src/common/pico_time/time.c.o
 .text.sleep_until
                0x10000e20       0xb0 CMakeFiles/CatGenieEmulator.dir/Users/jenyatokarzhevsky/pico/pico-sdk/src/common/pico_time/time.c.o
                0x10000e20                sleep_until
 .text.sleep_us
                0x10000ed0       0x2c CMakeFiles/CatGenieEmulator.dir/Users/jenyatokarzhevsky/pico/pico-sdk/src/common/pico_time/time.c.o
                0x10000ed0                sleep_us
 .text.sleep_ms
                0x10000efc       0x14 CMakeFiles/CatGenieEmulator.dir/Users/jenyatokarzhevsky/pico/pico-sdk/src/common/pico_time/time.c.o
                0x10000efc                sleep_ms
 .text.best_effort_wfe_or_timeout
                0x10000f10      0x120 CMakeFiles/CatGenieEmulator.dir/Users/jenyatokarzhevsky/pico/pico-sdk/src/common/pico_time/time.c.o
                0x10000f10                best_effort_wfe_or_timeout
 .text.alarm_pool_get_default_timer
                0x10001030        0x8 CMakeFiles/CatGenieEmulator.dir/Users/jenyatokarzhevsky/pico/pico-sdk/src/common/pico_time/time.c.o
                0x10001030                alarm_pool_get_default_timer
 .text.runtime_init_default_alarm_pool
                0x10001038       0x38 CMakeFiles/CatGenieEmulator.dir/Users/jenyatokarzhevsky/pico/pico-sdk/src/common/pico_time/time.c.o
                0x10001038                runtime_init_default_alarm_pool
 .text.timer_hardware_alarm_claim
                0x10001070       0x14 CMakeFiles/CatGenieEmulator.dir/Users/jenyatokarzhevsky/pico/pico-sdk/src/rp2_common/hardware_timer/timer.c.o
                0x10001070                timer_hardware_alarm_claim
 .text.timer_time_us_64
                0x10001084       0x10 CMakeFiles/CatGenieEmulator.dir/Users/jenyatokarzhevsky/pico/pico-sdk/src/rp2_common/hardware_timer/timer.c.o
                0x10001084                timer_time_us_64
 .text.timer_busy_wait_until
                0x10001094       0x1a CMakeFiles/CatGenieEmulator.dir/Users/jenyatokarzhevsky/pico/pico-sdk/src/rp2_common/hardware_timer/timer.c.o
                0x10001094                timer_busy_wait_until
 *fill*         0x100010ae        0x2 
 .text.time_us_64
                0x100010b0       0x10 CMakeFiles/CatGenieEmulator.dir/Users/jenyatokarzhevsky/pico/pico-sdk/src/rp2_common/hardware_timer/timer.c.o
                0x100010b0                time_us_64
 .text.busy_wait_until
                0x100010c0       0x14 CMakeFiles/CatGenieEmulator.dir/Users/jenyatokarzhevsky/pico/pico-sdk/src/rp2_common/hardware_timer/timer.c.o
                0x100010c0                busy_wait_until
 .text.clock_configure_internal
                0x100010d4       0xc0 CMakeFiles/CatGenieEmulator.dir/Users/jenyatokarzhevsky/pico/pico-sdk/src/rp2_common/hardware_clocks/clocks.c.o
 .text.clock_configure_int_divider
                0x10001194       0x28 CMakeFiles/CatGenieEmulator.dir/Users/jenyatokarzhevsky/pico/pico-sdk/src/rp2_common/hardware_clocks/clocks.c.o
                0x10001194                clock_configure_int_divider
 .text.clock_configure_undivided
                0x100011bc       0x12 CMakeFiles/CatGenieEmulator.dir/Users/jenyatokarzhevsky/pico/pico-sdk/src/rp2_common/hardware_clocks/clocks.c.o
                0x100011bc                clock_configure_undivided
 *fill*         0x100011ce        0x2 
 .text.clock_get_hz
                0x100011d0        0xc CMakeFiles/CatGenieEmulator.dir/Users/jenyatokarzhevsky/pico/pico-sdk/src/rp2_common/hardware_clocks/clocks.c.o
                0x100011d0                clock_get_hz
 .text.pll_init
                0x100011dc      0x124 CMakeFiles/CatGenieEmulator.dir/Users/jenyatokarzhevsky/pico/pico-sdk/src/rp2_common/hardware_pll/pll.c.o
                0x100011dc                pll_init
 .text.tick_start
                0x10001300       0x10 CMakeFiles/CatGenieEmulator.dir/Users/jenyatokarzhevsky/pico/pico-sdk/src/rp2_common/hardware_ticks/ticks.c.o
                0x10001300                tick_start
 .text.rom_func_lookup
                0x10001310       0x10 CMakeFiles/CatGenieEmulator.dir/Users/jenyatokarzhevsky/pico/pico-sdk/src/rp2_common/pico_bootrom/bootrom.c.o
                0x10001310                rom_func_lookup
 .text.rom_data_lookup
                0x10001320       0x10 CMakeFiles/CatGenieEmulator.dir/Users/jenyatokarzhevsky/pico/pico-sdk/src/rp2_common/pico_bootrom/bootrom.c.o
                0x10001320                rom_data_lookup
 .text.rom_funcs_lookup
                0x10001330       0x36 CMakeFiles/CatGenieEmulator.dir/Users/jenyatokarzhevsky/pico/pico-sdk/src/rp2_common/pico_bootrom/bootrom.c.o
                0x10001330                rom_funcs_lookup
 *fill*         0x10001366        0x2 
 .text.xosc_init
                0x10001368       0x2c CMakeFiles/CatGenieEmulator.dir/Users/jenyatokarzhevsky/pico/pico-sdk/src/rp2_common/hardware_xosc/xosc.c.o
                0x10001368                xosc_init
 .text.runtime_run_initializers_from
                0x10001394       0x18 CMakeFiles/CatGenieEmulator.dir/Users/jenyatokarzhevsky/pico/pico-sdk/src/rp2_common/pico_runtime/runtime.c.o
 .text.first_per_core_initializer
                0x100013ac        0x2 CMakeFiles/CatGenieEmulator.dir/Users/jenyatokarzhevsky/pico/pico-sdk/src/rp2_common/pico_runtime/runtime.c.o
 *fill*         0x100013ae        0x2 
 .text.runtime_run_initializers
                0x100013b0       0x10 CMakeFiles/CatGenieEmulator.dir/Users/jenyatokarzhevsky/pico/pico-sdk/src/rp2_common/pico_runtime/runtime.c.o
                0x100013b0                runtime_run_initializers
 .text.runtime_init_early_resets
                0x100013c0       0x2c CMakeFiles/CatGenieEmulator.dir/Users/jenyatokarzhevsky/pico/pico-sdk/src/rp2_common/pico_runtime_init/runtime_init.c.o
                0x100013c0                runtime_init_early_resets
 .text.runtime_init_usb_power_down
                0x100013ec       0x1c CMakeFiles/CatGenieEmulator.dir/Users/jenyatokarzhevsky/pico/pico-sdk/src/rp2_common/pico_runtime_init/runtime_init.c.o
                0x100013ec                runtime_init_usb_power_down
 .text.runtime_init_post_clock_resets
                0x10001408       0x20 CMakeFiles/CatGenieEmulator.dir/Users/jenyatokarzhevsky/pico/pico-sdk/src/rp2_common/pico_runtime_init/runtime_init.c.o
                0x10001408                runtime_init_post_clock_resets
 .text.runtime_init_rp2040_gpio_ie_disable
                0x10001428       0x14 CMakeFiles/CatGenieEmulator.dir/Users/jenyatokarzhevsky/pico/pico-sdk/src/rp2_common/pico_runtime_init/runtime_init.c.o
                0x10001428                runtime_init_rp2040_gpio_ie_disable
 .text.runtime_init_spin_locks_reset
                0x1000143c        0x8 CMakeFiles/CatGenieEmulator.dir/Users/jenyatokarzhevsky/pico/pico-sdk/src/rp2_common/pico_runtime_init/runtime_init.c.o
                0x1000143c                runtime_init_spin_locks_reset
 .text.runtime_init_install_ram_vector_table
                0x10001444       0x48 CMakeFiles/CatGenieEmulator.dir/Users/jenyatokarzhevsky/pico/pico-sdk/src/rp2_common/pico_runtime_init/runtime_init.c.o
                0x10001444                runtime_init_install_ram_vector_table
 .text.start_all_ticks
                0x1000148c       0x28 CMakeFiles/CatGenieEmulator.dir/Users/jenyatokarzhevsky/pico/pico-sdk/src/rp2_common/pico_runtime_init/runtime_init_clocks.c.o
 .text.runtime_init_clocks
                0x100014b4       0xcc CMakeFiles/CatGenieEmulator.dir/Users/jenyatokarzhevsky/pico/pico-sdk/src/rp2_common/pico_runtime_init/runtime_init_clocks.c.o
                0x100014b4                runtime_init_clocks
 .text          0x10001580       0x10 CMakeFiles/CatGenieEmulator.dir/Users/jenyatokarzhevsky/pico/pico-sdk/src/rp2_common/pico_bit_ops/bit_ops_aeabi.S.o
 .text.__wrap___aeabi_idiv
                0x10001590       0x50 CMakeFiles/CatGenieEmulator.dir/Users/jenyatokarzhevsky/pico/pico-sdk/src/rp2_common/pico_divider/divider_hardware.S.o
                0x10001590                __wrap___aeabi_idivmod
                0x10001590                divmod_s32s32
                0x10001590                div_s32s32
                0x10001590                __wrap___aeabi_idiv
                0x10001598                divmod_s32s32_unsafe
                0x100015c4                divmod_s32s32_savestate
 .text.__wrap___aeabi_uidiv
                0x100015e0       0x4c CMakeFiles/CatGenieEmulator.dir/Users/jenyatokarzhevsky/pico/pico-sdk/src/rp2_common/pico_divider/divider_hardware.S.o
                0x100015e0                __wrap___aeabi_uidiv
                0x100015e0                __wrap___aeabi_uidivmod
                0x100015e0                div_u32u32
                0x100015e0                divmod_u32u32
                0x100015e8                divmod_u32u32_unsafe
                0x10001610                divmod_u32u32_savestate
 .text.__wrap___aeabi_ldiv
                0x1000162c      0x424 CMakeFiles/CatGenieEmulator.dir/Users/jenyatokarzhevsky/pico/pico-sdk/src/rp2_common/pico_divider/divider_hardware.S.o
                0x1000162c                __wrap___aeabi_ldivmod
                0x1000162c                div_s64s64
                0x1000162c                divmod_s64s64
                0x1000165c                divmod_u64u64
                0x1000165c                div_u64u64
                0x1000165c                __wrap___aeabi_uldivmod
                0x1000166c                divmod_u64u64_savestate
                0x1000168c                divmod_s64s64_unsafe
                0x10001714                divmod_u64u64_unsafe
 .text.__wrap___aeabi_darithmetic
                0x10001a50       0x60 CMakeFiles/CatGenieEmulator.dir/Users/jenyatokarzhevsky/pico/pico-sdk/src/rp2_common/pico_double/double_aeabi_rp2040.S.o
                0x10001a50                __wrap___aeabi_drsub
                0x10001a56                __wrap___aeabi_dsub
                0x10001a60                __wrap___aeabi_dadd
                0x10001a6a                __wrap___aeabi_ddiv
                0x10001a9e                __wrap___aeabi_dmul
 .text.__wrap___aeabi_cdcmple
                0x10001ab0       0x6c CMakeFiles/CatGenieEmulator.dir/Users/jenyatokarzhevsky/pico/pico-sdk/src/rp2_common/pico_double/double_aeabi_rp2040.S.o
                0x10001ab0                __wrap___aeabi_cdrcmple
                0x10001ac0                __wrap___aeabi_cdcmple
                0x10001ac0                __wrap___aeabi_cdcmpeq
 .text.__wrap___aeabi_dcmplt
                0x10001b1c        0xc CMakeFiles/CatGenieEmulator.dir/Users/jenyatokarzhevsky/pico/pico-sdk/src/rp2_common/pico_double/double_aeabi_rp2040.S.o
                0x10001b1c                __wrap___aeabi_dcmplt
 .text.__wrap___aeabi_dcmple
                0x10001b28       0x10 CMakeFiles/CatGenieEmulator.dir/Users/jenyatokarzhevsky/pico/pico-sdk/src/rp2_common/pico_double/double_aeabi_rp2040.S.o
                0x10001b28                __wrap___aeabi_dcmple
 .text.__wrap___aeabi_dcmpge
                0x10001b38       0x10 CMakeFiles/CatGenieEmulator.dir/Users/jenyatokarzhevsky/pico/pico-sdk/src/rp2_common/pico_double/double_aeabi_rp2040.S.o
                0x10001b38                __wrap___aeabi_dcmpge
 .text.__wrap___aeabi_dcmpgt
                0x10001b48        0xa CMakeFiles/CatGenieEmulator.dir/Users/jenyatokarzhevsky/pico/pico-sdk/src/rp2_common/pico_double/double_aeabi_rp2040.S.o
                0x10001b48                __wrap___aeabi_dcmpgt
 .text.__wrap___aeabi_dcmpun
                0x10001b52       0x18 CMakeFiles/CatGenieEmulator.dir/Users/jenyatokarzhevsky/pico/pico-sdk/src/rp2_common/pico_double/double_aeabi_rp2040.S.o
                0x10001b52                __wrap___aeabi_dcmpun
 *fill*         0x10001b6a        0x2 
 .text.__wrap___aeabi_i2d
                0x10001b6c       0x38 CMakeFiles/CatGenieEmulator.dir/Users/jenyatokarzhevsky/pico/pico-sdk/src/rp2_common/pico_double/double_aeabi_rp2040.S.o
                0x10001b6c                __wrap___aeabi_ui2d
                0x10001b6c                uint2double
                0x10001b74                __wrap___aeabi_i2d
                0x10001b74                int2double
 .text.__wrap___aeabi_d2iz
                0x10001ba4       0x48 CMakeFiles/CatGenieEmulator.dir/Users/jenyatokarzhevsky/pico/pico-sdk/src/rp2_common/pico_double/double_aeabi_rp2040.S.o
                0x10001ba4                __wrap___aeabi_d2iz
                0x10001ba4                double2int_z
 .text.__wrap___aeabi_d2uiz
                0x10001bec       0x10 CMakeFiles/CatGenieEmulator.dir/Users/jenyatokarzhevsky/pico/pico-sdk/src/rp2_common/pico_double/double_aeabi_rp2040.S.o
                0x10001bec                double2uint_z
                0x10001bec                double2uint
                0x10001bec                __wrap___aeabi_d2uiz
 .text.missing_double_func_shim
                0x10001bfc        0xc CMakeFiles/CatGenieEmulator.dir/Users/jenyatokarzhevsky/pico/pico-sdk/src/rp2_common/pico_double/double_init_rom_rp2040.c.o
 .text.__aeabi_double_init
                0x10001c08       0xd0 CMakeFiles/CatGenieEmulator.dir/Users/jenyatokarzhevsky/pico/pico-sdk/src/rp2_common/pico_double/double_init_rom_rp2040.c.o
                0x10001c08                __aeabi_double_init
 .text.double_table_shim_on_use_helper
                0x10001cd8       0x34 CMakeFiles/CatGenieEmulator.dir/Users/jenyatokarzhevsky/pico/pico-sdk/src/rp2_common/pico_double/double_v1_rom_shim_rp2040.S.o
                0x10001cd8                double_table_shim_on_use_helper
 .text.__aeabi_lmul
                0x10001d0c       0x32 CMakeFiles/CatGenieEmulator.dir/Users/jenyatokarzhevsky/pico/pico-sdk/src/rp2_common/pico_int64_ops/pico_int64_ops_aeabi.S.o
                0x10001d0c                __wrap___aeabi_lmul
 *fill*         0x10001d3e        0x2 
 .text.missing_float_func_shim
                0x10001d40        0xc CMakeFiles/CatGenieEmulator.dir/Users/jenyatokarzhevsky/pico/pico-sdk/src/rp2_common/pico_float/float_init_rom_rp2040.c.o
 .text.__aeabi_float_init
                0x10001d4c       0x8c CMakeFiles/CatGenieEmulator.dir/Users/jenyatokarzhevsky/pico/pico-sdk/src/rp2_common/pico_float/float_init_rom_rp2040.c.o
                0x10001d4c                __aeabi_float_init
 .text          0x10001dd8       0x10 CMakeFiles/CatGenieEmulator.dir/Users/jenyatokarzhevsky/pico/pico-sdk/src/rp2_common/pico_mem_ops/mem_ops_aeabi.S.o
                0x10001dd8                __aeabi_mem_init
 .text.memset   0x10001de8        0xc CMakeFiles/CatGenieEmulator.dir/Users/jenyatokarzhevsky/pico/pico-sdk/src/rp2_common/pico_mem_ops/mem_ops_aeabi.S.o
                0x10001de8                __wrap_memset
 .text.memcpy   0x10001df4        0xc CMakeFiles/CatGenieEmulator.dir/Users/jenyatokarzhevsky/pico/pico-sdk/src/rp2_common/pico_mem_ops/mem_ops_aeabi.S.o
                0x10001df4                __wrap___aeabi_memcpy
                0x10001df4                __wrap_memcpy
 .text._out_null
                0x10001e00        0x2 CMakeFiles/CatGenieEmulator.dir/Users/jenyatokarzhevsky/pico/pico-sdk/src/rp2_common/pico_printf/printf.c.o
 .text._out_fct
                0x10001e02        0xe CMakeFiles/CatGenieEmulator.dir/Users/jenyatokarzhevsky/pico/pico-sdk/src/rp2_common/pico_printf/printf.c.o
 .text._atoi    0x10001e10       0x24 CMakeFiles/CatGenieEmulator.dir/Users/jenyatokarzhevsky/pico/pico-sdk/src/rp2_common/pico_printf/printf.c.o
 .text._out_rev
                0x10001e34       0xba CMakeFiles/CatGenieEmulator.dir/Users/jenyatokarzhevsky/pico/pico-sdk/src/rp2_common/pico_printf/printf.c.o
 .text._ntoa_format
                0x10001eee      0x116 CMakeFiles/CatGenieEmulator.dir/Users/jenyatokarzhevsky/pico/pico-sdk/src/rp2_common/pico_printf/printf.c.o
 .text._ntoa_long
                0x10002004       0xb8 CMakeFiles/CatGenieEmulator.dir/Users/jenyatokarzhevsky/pico/pico-sdk/src/rp2_common/pico_printf/printf.c.o
 .text._ntoa_long_long
                0x100020bc       0xf8 CMakeFiles/CatGenieEmulator.dir/Users/jenyatokarzhevsky/pico/pico-sdk/src/rp2_common/pico_printf/printf.c.o
 .text._etoa    0x100021b4      0x448 CMakeFiles/CatGenieEmulator.dir/Users/jenyatokarzhevsky/pico/pico-sdk/src/rp2_common/pico_printf/printf.c.o
 .text._ftoa    0x100025fc      0x340 CMakeFiles/CatGenieEmulator.dir/Users/jenyatokarzhevsky/pico/pico-sdk/src/rp2_common/pico_printf/printf.c.o
 .text._vsnprintf
                0x1000293c      0x684 CMakeFiles/CatGenieEmulator.dir/Users/jenyatokarzhevsky/pico/pico-sdk/src/rp2_common/pico_printf/printf.c.o
 .text.vfctprintf
                0x10002fc0       0x28 CMakeFiles/CatGenieEmulator.dir/Users/jenyatokarzhevsky/pico/pico-sdk/src/rp2_common/pico_printf/printf.c.o
                0x10002fc0                vfctprintf
 .text._exit    0x10002fe8        0x4 CMakeFiles/CatGenieEmulator.dir/Users/jenyatokarzhevsky/pico/pico-sdk/src/rp2_common/pico_clib_interface/newlib_interface.c.o
                0x10002fe8                _exit
 .text.exit     0x10002fec        0x6 CMakeFiles/CatGenieEmulator.dir/Users/jenyatokarzhevsky/pico/pico-sdk/src/rp2_common/pico_clib_interface/newlib_interface.c.o
                0x10002fec                exit
 *fill*         0x10002ff2        0x2 
 .text.__assert_func
                0x10002ff4       0x38 CMakeFiles/CatGenieEmulator.dir/Users/jenyatokarzhevsky/pico/pico-sdk/src/rp2_common/pico_clib_interface/newlib_interface.c.o
                0x10002ff4                __assert_func
 .text.runtime_init
                0x1000302c       0x28 CMakeFiles/CatGenieEmulator.dir/Users/jenyatokarzhevsky/pico/pico-sdk/src/rp2_common/pico_clib_interface/newlib_interface.c.o
                0x1000302c                runtime_init
 .text.stdio_out_chars_no_crlf
                0x10003054        0xe CMakeFiles/CatGenieEmulator.dir/Users/jenyatokarzhevsky/pico/pico-sdk/src/rp2_common/pico_stdio/stdio.c.o
 *fill*         0x10003062        0x2 
 .text.stdio_out_chars_crlf
                0x10003064       0x7c CMakeFiles/CatGenieEmulator.dir/Users/jenyatokarzhevsky/pico/pico-sdk/src/rp2_common/pico_stdio/stdio.c.o
 .text.stdio_stack_buffer_flush
                0x100030e0       0x44 CMakeFiles/CatGenieEmulator.dir/Users/jenyatokarzhevsky/pico/pico-sdk/src/rp2_common/pico_stdio/stdio.c.o
 .text.stdio_buffered_printer
                0x10003124       0x20 CMakeFiles/CatGenieEmulator.dir/Users/jenyatokarzhevsky/pico/pico-sdk/src/rp2_common/pico_stdio/stdio.c.o
 .text.stdout_serialize_begin
                0x10003144       0x30 CMakeFiles/CatGenieEmulator.dir/Users/jenyatokarzhevsky/pico/pico-sdk/src/rp2_common/pico_stdio/stdio.c.o
                0x10003144                stdout_serialize_begin
 .text.stdout_serialize_end
                0x10003174       0x10 CMakeFiles/CatGenieEmulator.dir/Users/jenyatokarzhevsky/pico/pico-sdk/src/rp2_common/pico_stdio/stdio.c.o
                0x10003174                stdout_serialize_end
 .text.stdio_put_string
                0x10003184       0x94 CMakeFiles/CatGenieEmulator.dir/Users/jenyatokarzhevsky/pico/pico-sdk/src/rp2_common/pico_stdio/stdio.c.o
                0x10003184                stdio_put_string
 .text.stdio_flush
                0x10003218       0x20 CMakeFiles/CatGenieEmulator.dir/Users/jenyatokarzhevsky/pico/pico-sdk/src/rp2_common/pico_stdio/stdio.c.o
                0x10003218                stdio_flush
 .text.__wrap_puts
                0x10003238       0x1e CMakeFiles/CatGenieEmulator.dir/Users/jenyatokarzhevsky/pico/pico-sdk/src/rp2_common/pico_stdio/stdio.c.o
                0x10003238                __wrap_puts
                0x10003238                stdio_puts
 *fill*         0x10003256        0x2 
 .text.__wrap_vprintf
                0x10003258       0x40 CMakeFiles/CatGenieEmulator.dir/Users/jenyatokarzhevsky/pico/pico-sdk/src/rp2_common/pico_stdio/stdio.c.o
                0x10003258                __wrap_vprintf
                0x10003258                stdio_vprintf
 .text.__wrap_printf
                0x10003298       0x18 CMakeFiles/CatGenieEmulator.dir/Users/jenyatokarzhevsky/pico/pico-sdk/src/rp2_common/pico_stdio/stdio.c.o
                0x10003298                stdio_printf
                0x10003298                __wrap_printf
 .text._retrieve_unique_id_on_boot
                0x100032b0       0x10 CMakeFiles/CatGenieEmulator.dir/Users/jenyatokarzhevsky/pico/pico-sdk/src/rp2_common/pico_unique_id/unique_id.c.o
 .text.flash_get_unique_id
                0x100032c0       0x40 CMakeFiles/CatGenieEmulator.dir/Users/jenyatokarzhevsky/pico/pico-sdk/src/rp2_common/hardware_flash/flash.c.o
                0x100032c0                flash_get_unique_id
 .text.i2c_unreset
                0x10003300       0x2c CMakeFiles/CatGenieEmulator.dir/Users/jenyatokarzhevsky/pico/pico-sdk/src/rp2_common/hardware_i2c/i2c.c.o
 .text.i2c_set_baudrate
                0x1000332c       0xec CMakeFiles/CatGenieEmulator.dir/Users/jenyatokarzhevsky/pico/pico-sdk/src/rp2_common/hardware_i2c/i2c.c.o
                0x1000332c                i2c_set_baudrate
 .text.i2c_init
                0x10003418       0x54 CMakeFiles/CatGenieEmulator.dir/Users/jenyatokarzhevsky/pico/pico-sdk/src/rp2_common/hardware_i2c/i2c.c.o
                0x10003418                i2c_init
 .text.i2c_set_slave_mode
                0x1000346c       0x54 CMakeFiles/CatGenieEmulator.dir/Users/jenyatokarzhevsky/pico/pico-sdk/src/rp2_common/hardware_i2c/i2c.c.o
                0x1000346c                i2c_set_slave_mode
 .text.strlen   0x100034c0       0x60 /Applications/ArmGNUToolchain/15.2.rel1/arm-none-eabi/bin/../lib/gcc/arm-none-eabi/15.2.1/../../../../arm-none-eabi/lib/thumb/v6-m/nofp/libg.a(libc_a-strlen-stub.o)
                0x100034c0                strlen
 *(.fini)
 .fini          0x10003520        0x4 /Applications/ArmGNUToolchain/15.2.rel1/arm-none-eabi/bin/../lib/gcc/arm-none-eabi/15.2.1/thumb/v6-m/nofp/crti.o
                0x10003520                _fini
 *fill*         0x10003524        0x4 
 .fini.__stub   0x10003528       0x70 linker stubs
 *crtbegin.o(.ctors)
 *crtbegin?.o(.ctors)
 *(EXCLUDE_FILE(*crtend.o *crtend?.o) .ctors)
 *(SORT_BY_NAME(.ctors.*))
 *(.ctors)
 *crtbegin.o(.dtors)
 *crtbegin?.o(.dtors)
 *(EXCLUDE_FILE(*crtend.o *crtend?.o) .dtors)
 *(SORT_BY_NAME(.dtors.*))
 *(.dtors)
                0x10003598                        . = ALIGN (0x4)
                0x10003598                        PROVIDE (__preinit_array_start = .)
 *(SORT_BY_NAME(.preinit_array.*))
 .preinit_array.00100
                0x10003598        0x4 CMakeFiles/CatGenieEmulator.dir/Users/jenyatokarzhevsky/pico/pico-sdk/src/rp2_common/pico_runtime_init/runtime_init.c.o
                0x10003598                __pre_init_runtime_init_early_resets
 .preinit_array.00101
                0x1000359c        0x4 CMakeFiles/CatGenieEmulator.dir/Users/jenyatokarzhevsky/pico/pico-sdk/src/rp2_common/pico_runtime_init/runtime_init.c.o
                0x1000359c                __pre_init_runtime_init_usb_power_down
 .preinit_array.00275
                0x100035a0        0x4 CMakeFiles/CatGenieEmulator.dir/Users/jenyatokarzhevsky/pico/pico-sdk/src/rp2_common/pico_bit_ops/bit_ops_aeabi.S.o
 .preinit_array.00300
                0x100035a4        0x4 CMakeFiles/CatGenieEmulator.dir/Users/jenyatokarzhevsky/pico/pico-sdk/src/rp2_common/pico_mem_ops/mem_ops_aeabi.S.o
 .preinit_array.00350
                0x100035a8        0x4 CMakeFiles/CatGenieEmulator.dir/Users/jenyatokarzhevsky/pico/pico-sdk/src/rp2_common/pico_double/double_aeabi_rp2040.S.o
 .preinit_array.00350
                0x100035ac        0x4 CMakeFiles/CatGenieEmulator.dir/Users/jenyatokarzhevsky/pico/pico-sdk/src/rp2_common/pico_float/float_aeabi_rp2040.S.o
 .preinit_array.00500
                0x100035b0        0x4 CMakeFiles/CatGenieEmulator.dir/Users/jenyatokarzhevsky/pico/pico-sdk/src/rp2_common/pico_runtime_init/runtime_init.c.o
                0x100035b0                __pre_init_runtime_init_clocks
 .preinit_array.00600
                0x100035b4        0x4 CMakeFiles/CatGenieEmulator.dir/Users/jenyatokarzhevsky/pico/pico-sdk/src/rp2_common/pico_runtime_init/runtime_init.c.o
                0x100035b4                __pre_init_runtime_init_post_clock_resets
 .preinit_array.00700
                0x100035b8        0x4 CMakeFiles/CatGenieEmulator.dir/Users/jenyatokarzhevsky/pico/pico-sdk/src/rp2_common/pico_runtime_init/runtime_init.c.o
                0x100035b8                __pre_init_runtime_init_rp2040_gpio_ie_disable
 .preinit_array.01000
                0x100035bc        0x4 CMakeFiles/CatGenieEmulator.dir/Users/jenyatokarzhevsky/pico/pico-sdk/src/rp2_common/pico_runtime_init/runtime_init.c.o
                0x100035bc                __pre_init_runtime_init_spin_locks_reset
 .preinit_array.01100
                0x100035c0        0x4 CMakeFiles/CatGenieEmulator.dir/Users/jenyatokarzhevsky/pico/pico-sdk/src/common/pico_sync/mutex.c.o
                0x100035c0                __pre_init_runtime_init_mutex
 .preinit_array.10080
                0x100035c4        0x4 CMakeFiles/CatGenieEmulator.dir/Users/jenyatokarzhevsky/pico/pico-sdk/src/rp2_common/pico_runtime_init/runtime_init.c.o
                0x100035c4                __pre_init_runtime_init_install_ram_vector_table
 .preinit_array.11000
                0x100035c8        0x4 CMakeFiles/CatGenieEmulator.dir/Users/jenyatokarzhevsky/pico/pico-sdk/src/common/pico_time/time.c.o
                0x100035c8                __pre_init_runtime_init_default_alarm_pool
 .preinit_array.YYYYY
                0x100035cc        0x4 CMakeFiles/CatGenieEmulator.dir/Users/jenyatokarzhevsky/pico/pico-sdk/src/rp2_common/pico_runtime/runtime.c.o
                0x100035cc                __pre_init_first_per_core_initializer
 .preinit_array.ZZZZZ.01200
                0x100035d0        0x4 CMakeFiles/CatGenieEmulator.dir/Users/jenyatokarzhevsky/pico/pico-sdk/src/rp2_common/hardware_irq/irq.c.o
                0x100035d0                __pre_init_runtime_init_per_core_irq_priorities
 *(.preinit_array)
                0x100035d4                        PROVIDE (__preinit_array_end = .)
                0x100035d4                        . = ALIGN (0x4)
                0x100035d4                        PROVIDE (__init_array_start = .)
 *(SORT_BY_NAME(.init_array.*))
 .init_array.01000
                0x100035d4        0x4 CMakeFiles/CatGenieEmulator.dir/Users/jenyatokarzhevsky/pico/pico-sdk/src/rp2_common/pico_unique_id/unique_id.c.o
 *(.init_array)
 .init_array    0x100035d8        0x4 /Applications/ArmGNUToolchain/15.2.rel1/arm-none-eabi/bin/../lib/gcc/arm-none-eabi/15.2.1/thumb/v6-m/nofp/crtbegin.o
                0x100035dc                        PROVIDE (__init_array_end = .)
                0x100035dc                        . = ALIGN (0x4)
                [!provide]                        PROVIDE (__fini_array_start = .)
 *(SORT_BY_NAME(.fini_array.*))
 *(.fini_array)
                [!provide]                        PROVIDE (__fini_array_end = .)
 *(.eh_frame*)
 .eh_frame      0x100035dc        0x0 /Applications/ArmGNUToolchain/15.2.rel1/arm-none-eabi/bin/../lib/gcc/arm-none-eabi/15.2.1/thumb/v6-m/nofp/crtbegin.o
                0x100035dc                        . = ALIGN (0x4)

.glue_7         0x100035dc        0x0
 .glue_7        0x100035dc        0x0 linker stubs

.glue_7t        0x100035dc        0x0
 .glue_7t       0x100035dc        0x0 linker stubs

.vfp11_veneer   0x100035dc        0x0
 .vfp11_veneer  0x100035dc        0x0 linker stubs

.v4_bx          0x100035dc        0x0
 .v4_bx         0x100035dc        0x0 linker stubs

.iplt           0x100035dc        0x0
 .iplt          0x100035dc        0x0 /Applications/ArmGNUToolchain/15.2.rel1/arm-none-eabi/bin/../lib/gcc/arm-none-eabi/15.2.1/thumb/v6-m/nofp/crtbegin.o

.rodata         0x100035e0      0xa80
 *(EXCLUDE_FILE(*libm.a: *libc.a:*lib_a-mem*.o *libgcc.a:) .rodata*)
 .rodata.i2c_read_byte_raw.str1.4
                0x100035e0      0x8a5 CMakeFiles/CatGenieEmulator.dir/main.c.o
                                 0x82 (size before relaxing)
 .rodata.i2c_write_byte_raw.str1.4
                0x10003e85        0x0 CMakeFiles/CatGenieEmulator.dir/main.c.o
                                 0x25 (size before relaxing)
 *fill*         0x10003e85        0x3 
 .rodata.__func__.0
                0x10003e88       0x13 CMakeFiles/CatGenieEmulator.dir/main.c.o
 *fill*         0x10003e9b        0x1 
 .rodata.__func__.1
                0x10003e9c       0x12 CMakeFiles/CatGenieEmulator.dir/main.c.o
 .rodata.panic.str1.4
                0x10003eae        0x0 CMakeFiles/CatGenieEmulator.dir/Users/jenyatokarzhevsky/pico/pico-sdk/src/rp2_common/pico_platform_panic/panic.c.o
                                 0x12 (size before relaxing)
 .rodata.resolve_j_16.str1.4
                0x10003eae        0x0 CMakeFiles/CatGenieEmulator.dir/Users/jenyatokarzhevsky/pico/pico-sdk/src/rp2_common/hardware_irq/irq.c.o
                                 0x61 (size before relaxing)
 .rodata.irq_set_exclusive_handler.str1.4
                0x10003eae        0x0 CMakeFiles/CatGenieEmulator.dir/Users/jenyatokarzhevsky/pico/pico-sdk/src/rp2_common/hardware_irq/irq.c.o
                                 0x36 (size before relaxing)
 *fill*         0x10003eae        0x2 
 .rodata.__func__.6
                0x10003eb0       0x1a CMakeFiles/CatGenieEmulator.dir/Users/jenyatokarzhevsky/pico/pico-sdk/src/rp2_common/hardware_irq/irq.c.o
 .rodata.runtime_init_mutex.str1.4
                0x10003eca        0x0 CMakeFiles/CatGenieEmulator.dir/Users/jenyatokarzhevsky/pico/pico-sdk/src/common/pico_sync/mutex.c.o
                                 0x64 (size before relaxing)
 .rodata.str1.4
                0x10003eca        0x0 CMakeFiles/CatGenieEmulator.dir/Users/jenyatokarzhevsky/pico/pico-sdk/src/common/pico_sync/mutex.c.o
                                 0x51 (size before relaxing)
 *fill*         0x10003eca        0x2 
 .rodata.__func__.1
                0x10003ecc        0xb CMakeFiles/CatGenieEmulator.dir/Users/jenyatokarzhevsky/pico/pico-sdk/src/common/pico_sync/mutex.c.o
 *fill*         0x10003ed7        0x1 
 .rodata.__func__.3
                0x10003ed8       0x18 CMakeFiles/CatGenieEmulator.dir/Users/jenyatokarzhevsky/pico/pico-sdk/src/common/pico_sync/mutex.c.o
 .rodata.__func__.6
                0x10003ef0       0x13 CMakeFiles/CatGenieEmulator.dir/Users/jenyatokarzhevsky/pico/pico-sdk/src/common/pico_sync/mutex.c.o
 .rodata.alarm_pool_irq_handler.str1.4
                0x10003f03        0x0 CMakeFiles/CatGenieEmulator.dir/Users/jenyatokarzhevsky/pico/pico-sdk/src/common/pico_time/time.c.o
                                 0x6f (size before relaxing)
 .rodata.alarm_pool_get_default.str1.4
                0x10003f03        0x0 CMakeFiles/CatGenieEmulator.dir/Users/jenyatokarzhevsky/pico/pico-sdk/src/common/pico_time/time.c.o
                                 0x21 (size before relaxing)
 .rodata.sleep_until.str1.4
                0x10003f03        0x0 CMakeFiles/CatGenieEmulator.dir/Users/jenyatokarzhevsky/pico/pico-sdk/src/common/pico_time/time.c.o
                                 0x4d (size before relaxing)
 *fill*         0x10003f03        0x1 
 .rodata.__func__.1
                0x10003f04       0x17 CMakeFiles/CatGenieEmulator.dir/Users/jenyatokarzhevsky/pico/pico-sdk/src/common/pico_time/time.c.o
 *fill*         0x10003f1b        0x1 
 .rodata.__func__.2
                0x10003f1c       0x17 CMakeFiles/CatGenieEmulator.dir/Users/jenyatokarzhevsky/pico/pico-sdk/src/common/pico_time/time.c.o
 .rodata.timer_hardware_alarm_claim.str1.4
                0x10003f33        0x0 CMakeFiles/CatGenieEmulator.dir/Users/jenyatokarzhevsky/pico/pico-sdk/src/rp2_common/hardware_timer/timer.c.o
                                 0x22 (size before relaxing)
 .rodata.pll_init.str1.4
                0x10003f33        0x0 CMakeFiles/CatGenieEmulator.dir/Users/jenyatokarzhevsky/pico/pico-sdk/src/rp2_common/hardware_pll/pll.c.o
                                0x120 (size before relaxing)
 *fill*         0x10003f33        0x1 
 .rodata.__func__.0
                0x10003f34        0x9 CMakeFiles/CatGenieEmulator.dir/Users/jenyatokarzhevsky/pico/pico-sdk/src/rp2_common/hardware_pll/pll.c.o
 .rodata.missing_double_func_shim.str1.4
                0x10003f3d        0x0 CMakeFiles/CatGenieEmulator.dir/Users/jenyatokarzhevsky/pico/pico-sdk/src/rp2_common/pico_double/double_init_rom_rp2040.c.o
                                 0x18 (size before relaxing)
 .rodata.__aeabi_double_init.str1.4
                0x10003f3d        0x0 CMakeFiles/CatGenieEmulator.dir/Users/jenyatokarzhevsky/pico/pico-sdk/src/rp2_common/pico_double/double_init_rom_rp2040.c.o
                                 0x9f (size before relaxing)
 *fill*         0x10003f3d        0x3 
 .rodata.__func__.0
                0x10003f40       0x14 CMakeFiles/CatGenieEmulator.dir/Users/jenyatokarzhevsky/pico/pico-sdk/src/rp2_common/pico_double/double_init_rom_rp2040.c.o
 .rodata.missing_float_func_shim.str1.4
                0x10003f54        0x0 CMakeFiles/CatGenieEmulator.dir/Users/jenyatokarzhevsky/pico/pico-sdk/src/rp2_common/pico_float/float_init_rom_rp2040.c.o
                                  0x1 (size before relaxing)
 .rodata.__aeabi_float_init.str1.4
                0x10003f54        0x0 CMakeFiles/CatGenieEmulator.dir/Users/jenyatokarzhevsky/pico/pico-sdk/src/rp2_common/pico_float/float_init_rom_rp2040.c.o
                                 0x8d (size before relaxing)
 .rodata.__func__.0
                0x10003f54       0x13 CMakeFiles/CatGenieEmulator.dir/Users/jenyatokarzhevsky/pico/pico-sdk/src/rp2_common/pico_float/float_init_rom_rp2040.c.o
 .rodata.str1.4
                0x10003f67        0x0 CMakeFiles/CatGenieEmulator.dir/Users/jenyatokarzhevsky/pico/pico-sdk/src/rp2_common/pico_standard_binary_info/standard_binary_info.c.o
                                 0x54 (size before relaxing)
 *fill*         0x10003f67        0x1 
 .rodata.__bi_84
                0x10003f68        0xc CMakeFiles/CatGenieEmulator.dir/Users/jenyatokarzhevsky/pico/pico-sdk/src/rp2_common/pico_standard_binary_info/standard_binary_info.c.o
 .rodata.__bi_78
                0x10003f74        0xc CMakeFiles/CatGenieEmulator.dir/Users/jenyatokarzhevsky/pico/pico-sdk/src/rp2_common/pico_standard_binary_info/standard_binary_info.c.o
 .rodata.__bi_54
                0x10003f80        0xc CMakeFiles/CatGenieEmulator.dir/Users/jenyatokarzhevsky/pico/pico-sdk/src/rp2_common/pico_standard_binary_info/standard_binary_info.c.o
 .rodata.__bi_48
                0x10003f8c        0xc CMakeFiles/CatGenieEmulator.dir/Users/jenyatokarzhevsky/pico/pico-sdk/src/rp2_common/pico_standard_binary_info/standard_binary_info.c.o
 .rodata.__bi_42
                0x10003f98        0xc CMakeFiles/CatGenieEmulator.dir/Users/jenyatokarzhevsky/pico/pico-sdk/src/rp2_common/pico_standard_binary_info/standard_binary_info.c.o
 .rodata.__bi_34
                0x10003fa4        0xc CMakeFiles/CatGenieEmulator.dir/Users/jenyatokarzhevsky/pico/pico-sdk/src/rp2_common/pico_standard_binary_info/standard_binary_info.c.o
 .rodata.__bi_26
                0x10003fb0        0xc CMakeFiles/CatGenieEmulator.dir/Users/jenyatokarzhevsky/pico/pico-sdk/src/rp2_common/pico_standard_binary_info/standard_binary_info.c.o
 .rodata._ftoa.str1.4
                0x10003fbc        0x0 CMakeFiles/CatGenieEmulator.dir/Users/jenyatokarzhevsky/pico/pico-sdk/src/rp2_common/pico_printf/printf.c.o
                                 0x15 (size before relaxing)
 *fill*         0x10003fbc        0x4 
 .rodata.pow10.0
                0x10003fc0       0x50 CMakeFiles/CatGenieEmulator.dir/Users/jenyatokarzhevsky/pico/pico-sdk/src/rp2_common/pico_printf/printf.c.o
 .rodata.__assert_func.str1.4
                0x10004010        0x0 CMakeFiles/CatGenieEmulator.dir/Users/jenyatokarzhevsky/pico/pico-sdk/src/rp2_common/pico_clib_interface/newlib_interface.c.o
                                 0x43 (size before relaxing)
 .rodata.crlf_str.0
                0x10004010        0x2 CMakeFiles/CatGenieEmulator.dir/Users/jenyatokarzhevsky/pico/pico-sdk/src/rp2_common/pico_stdio/stdio.c.o
 .rodata.str1.4
                0x10004012        0x0 CMakeFiles/CatGenieEmulator.dir/Users/jenyatokarzhevsky/pico/pico-sdk/src/rp2_common/hardware_flash/flash.c.o
                                0x209 (size before relaxing)
 *fill*         0x10004012        0x2 
 .rodata.__func__.0
                0x10004014        0xd CMakeFiles/CatGenieEmulator.dir/Users/jenyatokarzhevsky/pico/pico-sdk/src/rp2_common/hardware_flash/flash.c.o
 *fill*         0x10004021        0x3 
 .rodata.__func__.1
                0x10004024       0x14 CMakeFiles/CatGenieEmulator.dir/Users/jenyatokarzhevsky/pico/pico-sdk/src/rp2_common/hardware_flash/flash.c.o
 .rodata.__func__.2
                0x10004038       0x12 CMakeFiles/CatGenieEmulator.dir/Users/jenyatokarzhevsky/pico/pico-sdk/src/rp2_common/hardware_flash/flash.c.o
 .rodata.i2c_set_baudrate.str1.4
                0x1000404a        0x0 CMakeFiles/CatGenieEmulator.dir/Users/jenyatokarzhevsky/pico/pico-sdk/src/rp2_common/hardware_i2c/i2c.c.o
                                 0x69 (size before relaxing)
 *fill*         0x1000404a        0x2 
 .rodata.__func__.0
                0x1000404c       0x11 CMakeFiles/CatGenieEmulator.dir/Users/jenyatokarzhevsky/pico/pico-sdk/src/rp2_common/hardware_i2c/i2c.c.o
                0x10004060                        . = ALIGN (0x4)
 *fill*         0x1000405d        0x3 
 *(SORT_BY_ALIGNMENT(SORT_BY_NAME(.flashdata*)))
                0x10004060                        . = ALIGN (0x4)

.ARM.extab
 *(.ARM.extab* .gnu.linkonce.armextab.*)
                0x10004060                        __exidx_start = .

.ARM.exidx
 *(.ARM.exidx* .gnu.linkonce.armexidx.*)
                0x10004060                        __exidx_end = .
                0x10004060                        . = ALIGN (0x4)
                0x10004060                        __binary_info_start = .

.binary_info    0x10004060       0x1c
 *(.binary_info.keep.*)
 .binary_info.keep.__bi_ptr84
                0x10004060        0x4 CMakeFiles/CatGenieEmulator.dir/Users/jenyatokarzhevsky/pico/pico-sdk/src/rp2_common/pico_standard_binary_info/standard_binary_info.c.o
 .binary_info.keep.__bi_ptr78
                0x10004064        0x4 CMakeFiles/CatGenieEmulator.dir/Users/jenyatokarzhevsky/pico/pico-sdk/src/rp2_common/pico_standard_binary_info/standard_binary_info.c.o
 .binary_info.keep.__bi_ptr54
                0x10004068        0x4 CMakeFiles/CatGenieEmulator.dir/Users/jenyatokarzhevsky/pico/pico-sdk/src/rp2_common/pico_standard_binary_info/standard_binary_info.c.o
 .binary_info.keep.__bi_ptr48
                0x1000406c        0x4 CMakeFiles/CatGenieEmulator.dir/Users/jenyatokarzhevsky/pico/pico-sdk/src/rp2_common/pico_standard_binary_info/standard_binary_info.c.o
 .binary_info.keep.__bi_ptr42
                0x10004070        0x4 CMakeFiles/CatGenieEmulator.dir/Users/jenyatokarzhevsky/pico/pico-sdk/src/rp2_common/pico_standard_binary_info/standard_binary_info.c.o
 .binary_info.keep.__bi_ptr34
                0x10004074        0x4 CMakeFiles/CatGenieEmulator.dir/Users/jenyatokarzhevsky/pico/pico-sdk/src/rp2_common/pico_standard_binary_info/standard_binary_info.c.o
 .binary_info.keep.__bi_ptr26
                0x10004078        0x4 CMakeFiles/CatGenieEmulator.dir/Users/jenyatokarzhevsky/pico/pico-sdk/src/rp2_common/pico_standard_binary_info/standard_binary_info.c.o
 *(.binary_info.*)
                0x1000407c                        __binary_info_end = .
                0x1000407c                        . = ALIGN (0x4)

.ram_vector_table
                0x20000000       0xc0
 *(.ram_vector_table)
 .ram_vector_table
                0x20000000       0xc0 CMakeFiles/CatGenieEmulator.dir/Users/jenyatokarzhevsky/pico/pico-sdk/src/rp2_common/pico_runtime_init/runtime_init.c.o
                0x20000000                ram_vector_table

.uninitialized_data
                0x200000c0        0x0
                0x200000c0                        . = ALIGN (0x4)
 *(.uninitialized_data*)

.data           0x200000c0      0x540 load address 0x1000407c
                0x200000c0                        __data_start__ = .
 *(vtable)
 *(.time_critical*)
 .time_critical.mutex_try_enter
                0x200000c0       0x4a CMakeFiles/CatGenieEmulator.dir/Users/jenyatokarzhevsky/pico/pico-sdk/src/common/pico_sync/mutex.c.o
                0x200000c0                mutex_try_enter
 *fill*         0x2000010a        0x2 
 .time_critical.mutex_enter_block_until
                0x2000010c       0x7c CMakeFiles/CatGenieEmulator.dir/Users/jenyatokarzhevsky/pico/pico-sdk/src/common/pico_sync/mutex.c.o
                0x2000010c                mutex_enter_block_until
 .time_critical.mutex_try_enter_block_until
                0x20000188       0x34 CMakeFiles/CatGenieEmulator.dir/Users/jenyatokarzhevsky/pico/pico-sdk/src/common/pico_sync/mutex.c.o
                0x20000188                mutex_try_enter_block_until
 .time_critical.mutex_exit
                0x200001bc       0x4c CMakeFiles/CatGenieEmulator.dir/Users/jenyatokarzhevsky/pico/pico-sdk/src/common/pico_sync/mutex.c.o
                0x200001bc                mutex_exit
 .time_critical.flash_init_boot2_copyout
                0x20000208       0x30 CMakeFiles/CatGenieEmulator.dir/Users/jenyatokarzhevsky/pico/pico-sdk/src/rp2_common/hardware_flash/flash.c.o
 .time_critical.flash_enable_xip_via_boot2
                0x20000238        0xc CMakeFiles/CatGenieEmulator.dir/Users/jenyatokarzhevsky/pico/pico-sdk/src/rp2_common/hardware_flash/flash.c.o
 .time_critical.flash_save_hardware_state
                0x20000244       0x1c CMakeFiles/CatGenieEmulator.dir/Users/jenyatokarzhevsky/pico/pico-sdk/src/rp2_common/hardware_flash/flash.c.o
 .time_critical.flash_restore_hardware_state
                0x20000260       0x20 CMakeFiles/CatGenieEmulator.dir/Users/jenyatokarzhevsky/pico/pico-sdk/src/rp2_common/hardware_flash/flash.c.o
 .time_critical.flash_cs_force
                0x20000280       0x28 CMakeFiles/CatGenieEmulator.dir/Users/jenyatokarzhevsky/pico/pico-sdk/src/rp2_common/hardware_flash/flash.c.o
 .time_critical.flash_range_erase
                0x200002a8       0xc4 CMakeFiles/CatGenieEmulator.dir/Users/jenyatokarzhevsky/pico/pico-sdk/src/rp2_common/hardware_flash/flash.c.o
                0x200002a8                flash_range_erase
 .time_critical.flash_range_program
                0x2000036c       0xc4 CMakeFiles/CatGenieEmulator.dir/Users/jenyatokarzhevsky/pico/pico-sdk/src/rp2_common/hardware_flash/flash.c.o
                0x2000036c                flash_range_program
 .time_critical.flash_do_cmd
                0x20000430       0xe4 CMakeFiles/CatGenieEmulator.dir/Users/jenyatokarzhevsky/pico/pico-sdk/src/rp2_common/hardware_flash/flash.c.o
                0x20000430                flash_do_cmd
 *(.text*)
 .text          0x20000514        0x4 /Applications/ArmGNUToolchain/15.2.rel1/arm-none-eabi/bin/../lib/gcc/arm-none-eabi/15.2.1/thumb/v6-m/nofp/libgcc.a(_dvmd_tls.o)
                0x20000514                __aeabi_ldiv0
                0x20000514                __aeabi_idiv0
 .text.__stub   0x20000518       0x20 linker stubs
                0x20000538                        . = ALIGN (0x4)
 *(.rodata*)
                0x20000538                        . = ALIGN (0x4)
 *(.data*)
 .data.UID_RESPONSE
                0x20000538        0x9 CMakeFiles/CatGenieEmulator.dir/main.c.o
                0x20000538                UID_RESPONSE
 *fill*         0x20000541        0x3 
 .data.NODE_ID_RESPONSE
                0x20000544        0x2 CMakeFiles/CatGenieEmulator.dir/main.c.o
                0x20000544                NODE_ID_RESPONSE
 *fill*         0x20000546        0x2 
 .data.BLOCKS   0x20000548       0x40 CMakeFiles/CatGenieEmulator.dir/main.c.o
                0x20000548                BLOCKS
 .data.BLOCK_5  0x20000588        0x5 CMakeFiles/CatGenieEmulator.dir/main.c.o
                0x20000588                BLOCK_5
 *fill*         0x2000058d        0x3 
 .data.BLOCK_4  0x20000590        0x5 CMakeFiles/CatGenieEmulator.dir/main.c.o
                0x20000590                BLOCK_4
 *fill*         0x20000595        0x3 
 .data.BLOCK_3  0x20000598        0x5 CMakeFiles/CatGenieEmulator.dir/main.c.o
                0x20000598                BLOCK_3
 *fill*         0x2000059d        0x3 
 .data.BLOCK_2  0x200005a0        0x5 CMakeFiles/CatGenieEmulator.dir/main.c.o
                0x200005a0                BLOCK_2
 *fill*         0x200005a5        0x3 
 .data.BLOCK_1  0x200005a8        0x5 CMakeFiles/CatGenieEmulator.dir/main.c.o
                0x200005a8                BLOCK_1
 *fill*         0x200005ad        0x3 
 .data.BLOCK_0  0x200005b0        0x5 CMakeFiles/CatGenieEmulator.dir/main.c.o
                0x200005b0                BLOCK_0
 .data.first_comm
                0x200005b5        0x1 CMakeFiles/CatGenieEmulator.dir/main.c.o
                0x200005b5                first_comm
 .data.striped_spin_lock_num
                0x200005b6        0x1 CMakeFiles/CatGenieEmulator.dir/Users/jenyatokarzhevsky/pico/pico-sdk/src/rp2_common/hardware_sync/sync.c.o
 *fill*         0x200005b7        0x1 
 .data.default_alarm_pool
                0x200005b8       0x18 CMakeFiles/CatGenieEmulator.dir/Users/jenyatokarzhevsky/pico/pico-sdk/src/common/pico_time/time.c.o
 .data.aeabi_bits_funcs
                0x200005d0       0x10 CMakeFiles/CatGenieEmulator.dir/Users/jenyatokarzhevsky/pico/pico-sdk/src/rp2_common/pico_bit_ops/bit_ops_aeabi.S.o
                0x200005d0                aeabi_bits_funcs
                0x200005e0                aeabi_bits_funcs_end
 .data.aeabi_mem_funcs
                0x200005e0       0x10 CMakeFiles/CatGenieEmulator.dir/Users/jenyatokarzhevsky/pico/pico-sdk/src/rp2_common/pico_mem_ops/mem_ops_aeabi.S.o
                0x200005e0                aeabi_mem_funcs
                0x200005f0                aeabi_mem_funcs_end
 .data.i2c0_inst
                0x200005f0        0x8 CMakeFiles/CatGenieEmulator.dir/Users/jenyatokarzhevsky/pico/pico-sdk/src/rp2_common/hardware_i2c/i2c.c.o
                0x200005f0                i2c0_inst
                0x200005f8                        . = ALIGN (0x4)
 *(.after_data.*)
                0x200005f8                        . = ALIGN (0x4)
                0x200005f8                        PROVIDE (__mutex_array_start = .)
 *(SORT_BY_NAME(.mutex_array.*))
 *(.mutex_array)
 .mutex_array   0x200005f8        0x8 CMakeFiles/CatGenieEmulator.dir/Users/jenyatokarzhevsky/pico/pico-sdk/src/rp2_common/pico_stdio/stdio.c.o
                0x20000600                        PROVIDE (__mutex_array_end = .)
                0x20000600                        . = ALIGN (0x4)
 *(.jcr)
                0x20000600                        . = ALIGN (0x4)

.tm_clone_table
                0x20000600        0x0 load address 0x100045bc
 .tm_clone_table
                0x20000600        0x0 /Applications/ArmGNUToolchain/15.2.rel1/arm-none-eabi/bin/../lib/gcc/arm-none-eabi/15.2.1/thumb/v6-m/nofp/crtbegin.o
 .tm_clone_table
                0x20000600        0x0 /Applications/ArmGNUToolchain/15.2.rel1/arm-none-eabi/bin/../lib/gcc/arm-none-eabi/15.2.1/thumb/v6-m/nofp/crtend.o

.igot.plt       0x20000600        0x0 load address 0x100045bc
 .igot.plt      0x20000600        0x0 /Applications/ArmGNUToolchain/15.2.rel1/arm-none-eabi/bin/../lib/gcc/arm-none-eabi/15.2.1/thumb/v6-m/nofp/crtbegin.o

.tdata          0x20000600        0x0 load address 0x100045bc
                0x20000600                        . = ALIGN (0x4)
 *(.tdata .tdata.* .gnu.linkonce.td.*)
                0x20000600                        __tdata_end = .
                0x20000600                        PROVIDE (__data_end__ = .)
                0x1000407c                        __etext = LOADADDR (.data)

.tbss           0x20000600        0x0 load address 0x100045bc
                0x20000600                        . = ALIGN (0x4)
                0x20000600                        __bss_start__ = .
                0x20000600                        __tls_base = .
 *(.tbss .tbss.* .gnu.linkonce.tb.*)
 *(.tcommon)
                0x20000600                        __tls_end = .

.bss            0x20000600      0x510 load address 0x100045bc
                0x20000600                        . = ALIGN (0x4)
                0x20000600                        __tbss_end = .
 *(SORT_BY_ALIGNMENT(SORT_BY_NAME(.bss*)))
 .bss.default_alarm_pool_entries
                0x20000600      0x180 CMakeFiles/CatGenieEmulator.dir/Users/jenyatokarzhevsky/pico/pico-sdk/src/common/pico_time/time.c.o
 .bss.boot2_copyout
                0x20000780      0x100 CMakeFiles/CatGenieEmulator.dir/Users/jenyatokarzhevsky/pico/pico-sdk/src/rp2_common/hardware_flash/flash.c.o
 .bss.claimed   0x20000880        0x1 CMakeFiles/CatGenieEmulator.dir/Users/jenyatokarzhevsky/pico/pico-sdk/src/rp2_common/hardware_timer/timer.c.o
 *fill*         0x20000881        0x3 
 .bss.configured_freq
                0x20000884       0x28 CMakeFiles/CatGenieEmulator.dir/Users/jenyatokarzhevsky/pico/pico-sdk/src/rp2_common/hardware_clocks/clocks.c.o
 .bss.drivers   0x200008ac        0x4 CMakeFiles/CatGenieEmulator.dir/Users/jenyatokarzhevsky/pico/pico-sdk/src/rp2_common/pico_stdio/stdio.c.o
 .bss.filter    0x200008b0        0x4 CMakeFiles/CatGenieEmulator.dir/Users/jenyatokarzhevsky/pico/pico-sdk/src/rp2_common/pico_stdio/stdio.c.o
 .bss.object.0  0x200008b4       0x18 /Applications/ArmGNUToolchain/15.2.rel1/arm-none-eabi/bin/../lib/gcc/arm-none-eabi/15.2.1/thumb/v6-m/nofp/crtbegin.o
 .bss.pools     0x200008cc       0x10 CMakeFiles/CatGenieEmulator.dir/Users/jenyatokarzhevsky/pico/pico-sdk/src/common/pico_time/time.c.o
 .bss.retrieved_id
                0x200008dc        0x8 CMakeFiles/CatGenieEmulator.dir/Users/jenyatokarzhevsky/pico/pico-sdk/src/rp2_common/pico_unique_id/unique_id.c.o
 .bss.sd_table  0x200008e4      0x100 CMakeFiles/CatGenieEmulator.dir/Users/jenyatokarzhevsky/pico/pico-sdk/src/rp2_common/pico_double/double_init_rom_rp2040.c.o
                0x200008e4                sd_table
 .bss.sf_clz_func
                0x200009e4        0x4 CMakeFiles/CatGenieEmulator.dir/Users/jenyatokarzhevsky/pico/pico-sdk/src/rp2_common/pico_double/double_init_rom_rp2040.c.o
                0x200009e4                sf_clz_func
 .bss.sf_table  0x200009e8      0x100 CMakeFiles/CatGenieEmulator.dir/Users/jenyatokarzhevsky/pico/pico-sdk/src/rp2_common/pico_float/float_init_rom_rp2040.c.o
                0x200009e8                sf_table
 .bss.sleep_notifier
                0x20000ae8        0x4 CMakeFiles/CatGenieEmulator.dir/Users/jenyatokarzhevsky/pico/pico-sdk/src/common/pico_time/time.c.o
 .bss.state     0x20000aec       0x20 CMakeFiles/CatGenieEmulator.dir/main.c.o
                0x20000aec                state
 .bss.boot2_copyout_valid
                0x20000b0c        0x1 CMakeFiles/CatGenieEmulator.dir/Users/jenyatokarzhevsky/pico/pico-sdk/src/rp2_common/hardware_flash/flash.c.o
 *(COMMON)
                0x20000b10                        . = ALIGN (0x4)
 *fill*         0x20000b0d        0x3 
                0x20000b10                        __bss_end__ = .

.heap           0x20000b10      0x800 load address 0x100045bc
                0x20000b10                        __end__ = .
                0x20000b10                        end = __end__
 *(.heap*)
 .heap          0x20000b10      0x800 CMakeFiles/CatGenieEmulator.dir/Users/jenyatokarzhevsky/pico/pico-sdk/src/rp2_common/pico_crt0/crt0.S.o
                0x20040000                        __HeapLimit = (ORIGIN (RAM) + LENGTH (RAM))

.scratch_x      0x20040000        0x0 load address 0x100045bc
                0x20040000                        __scratch_x_start__ = .
 *(.scratch_x.*)
                0x20040000                        . = ALIGN (0x4)
                0x20040000                        __scratch_x_end__ = .
                0x100045bc                        __scratch_x_source__ = LOADADDR (.scratch_x)

.scratch_y      0x20041000        0x0 load address 0x100045bc
                0x20041000                        __scratch_y_start__ = .
 *(.scratch_y.*)
                0x20041000                        . = ALIGN (0x4)
                0x20041000                        __scratch_y_end__ = .
                0x100045bc                        __scratch_y_source__ = LOADADDR (.scratch_y)

.stack1_dummy
 *(.stack1*)

.stack_dummy    0x20041000      0x800
 *(.stack*)
 .stack         0x20041000      0x800 CMakeFiles/CatGenieEmulator.dir/Users/jenyatokarzhevsky/pico/pico-sdk/src/rp2_common/pico_crt0/crt0.S.o

.rel.dyn        0x20041800        0x0
 .rel.iplt      0x20041800        0x0 /Applications/ArmGNUToolchain/15.2.rel1/arm-none-eabi/bin/../lib/gcc/arm-none-eabi/15.2.1/thumb/v6-m/nofp/crtbegin.o

.flash_end      0x100045bc        0x0
 *(.embedded_end_block*)
                0x100045bc                        PROVIDE (__flash_binary_end = .)
                0x20040000                        __StackLimit = (ORIGIN (RAM) + LENGTH (RAM))
                0x20041000                        __StackOneTop = (ORIGIN (SCRATCH_X) + LENGTH (SCRATCH_X))
                0x20042000                        __StackTop = (ORIGIN (SCRATCH_Y) + LENGTH (SCRATCH_Y))
                0x20041000                        __StackOneBottom = (__StackOneTop - SIZEOF (.stack1_dummy))
                0x20041800                        __StackBottom = (__StackTop - SIZEOF (.stack_dummy))
                0x20042000                        PROVIDE (__stack = __StackTop)
                [!provide]                        PROVIDE (__heap_start = __end__)
                [!provide]                        PROVIDE (__heap_end = __HeapLimit)
                [!provide]                        PROVIDE (__tls_align = MAX (ALIGNOF (.tdata), ALIGNOF (.tbss)))
                [!provide]                        PROVIDE (__tls_size_align = (((__tls_size + __tls_align) - 0x1) & ~ ((__tls_align - 0x1))))
                [!provide]                        PROVIDE (__arm32_tls_tcb_offset = MAX (0x8, __tls_align))
                [!provide]                        PROVIDE (_end = __end__)
                [!provide]                        PROVIDE (__llvm_libc_heap_limit = __HeapLimit)
                0x00000001                        ASSERT ((__StackLimit >= __HeapLimit), region RAM overflowed)
                0x00000001                        ASSERT (((__binary_info_header_end - __logical_binary_start) <= 0x100), Binary info must be in first 256 bytes of the binary)
LOAD CMakeFiles/CatGenieEmulator.dir/main.c.o
LOAD CMakeFiles/CatGenieEmulator.dir/Users/jenyatokarzhevsky/pico/pico-sdk/src/rp2_common/pico_stdlib/stdlib.c.o
LOAD CMakeFiles/CatGenieEmulator.dir/Users/jenyatokarzhevsky/pico/pico-sdk/src/rp2_common/hardware_gpio/gpio.c.o
LOAD CMakeFiles/CatGenieEmulator.dir/Users/jenyatokarzhevsky/pico/pico-sdk/src/rp2040/pico_platform/platform.c.o
LOAD CMakeFiles/CatGenieEmulator.dir/Users/jenyatokarzhevsky/pico/pico-sdk/src/rp2_common/pico_platform_common/common.c.o
LOAD CMakeFiles/CatGenieEmulator.dir/Users/jenyatokarzhevsky/pico/pico-sdk/src/rp2_common/pico_platform_panic/panic.c.o
LOAD CMakeFiles/CatGenieEmulator.dir/Users/jenyatokarzhevsky/pico/pico-sdk/src/common/hardware_claim/claim.c.o
LOAD CMakeFiles/CatGenieEmulator.dir/Users/jenyatokarzhevsky/pico/pico-sdk/src/rp2_common/hardware_sync/sync.c.o
LOAD CMakeFiles/CatGenieEmulator.dir/Users/jenyatokarzhevsky/pico/pico-sdk/src/rp2_common/hardware_sync_spin_lock/sync_spin_lock.c.o
LOAD CMakeFiles/CatGenieEmulator.dir/Users/jenyatokarzhevsky/pico/pico-sdk/src/rp2_common/hardware_irq/irq.c.o
LOAD CMakeFiles/CatGenieEmulator.dir/Users/jenyatokarzhevsky/pico/pico-sdk/src/rp2_common/hardware_irq/irq_handler_chain.S.o
LOAD CMakeFiles/CatGenieEmulator.dir/Users/jenyatokarzhevsky/pico/pico-sdk/src/common/pico_sync/sem.c.o
LOAD CMakeFiles/CatGenieEmulator.dir/Users/jenyatokarzhevsky/pico/pico-sdk/src/common/pico_sync/lock_core.c.o
LOAD CMakeFiles/CatGenieEmulator.dir/Users/jenyatokarzhevsky/pico/pico-sdk/src/common/pico_sync/mutex.c.o
LOAD CMakeFiles/CatGenieEmulator.dir/Users/jenyatokarzhevsky/pico/pico-sdk/src/common/pico_sync/critical_section.c.o
LOAD CMakeFiles/CatGenieEmulator.dir/Users/jenyatokarzhevsky/pico/pico-sdk/src/common/pico_time/time.c.o
LOAD CMakeFiles/CatGenieEmulator.dir/Users/jenyatokarzhevsky/pico/pico-sdk/src/common/pico_time/timeout_helper.c.o
LOAD CMakeFiles/CatGenieEmulator.dir/Users/jenyatokarzhevsky/pico/pico-sdk/src/rp2_common/hardware_timer/timer.c.o
LOAD CMakeFiles/CatGenieEmulator.dir/Users/jenyatokarzhevsky/pico/pico-sdk/src/common/pico_util/datetime.c.o
LOAD CMakeFiles/CatGenieEmulator.dir/Users/jenyatokarzhevsky/pico/pico-sdk/src/common/pico_util/pheap.c.o
LOAD CMakeFiles/CatGenieEmulator.dir/Users/jenyatokarzhevsky/pico/pico-sdk/src/common/pico_util/queue.c.o
LOAD CMakeFiles/CatGenieEmulator.dir/Users/jenyatokarzhevsky/pico/pico-sdk/src/rp2_common/hardware_uart/uart.c.o
LOAD CMakeFiles/CatGenieEmulator.dir/Users/jenyatokarzhevsky/pico/pico-sdk/src/rp2_common/hardware_clocks/clocks.c.o
LOAD CMakeFiles/CatGenieEmulator.dir/Users/jenyatokarzhevsky/pico/pico-sdk/src/rp2_common/hardware_pll/pll.c.o
LOAD CMakeFiles/CatGenieEmulator.dir/Users/jenyatokarzhevsky/pico/pico-sdk/src/rp2_common/hardware_vreg/vreg.c.o
LOAD CMakeFiles/CatGenieEmulator.dir/Users/jenyatokarzhevsky/pico/pico-sdk/src/rp2_common/hardware_watchdog/watchdog.c.o
LOAD CMakeFiles/CatGenieEmulator.dir/Users/jenyatokarzhevsky/pico/pico-sdk/src/rp2_common/hardware_ticks/ticks.c.o
LOAD CMakeFiles/CatGenieEmulator.dir/Users/jenyatokarzhevsky/pico/pico-sdk/src/rp2_common/pico_bootrom/bootrom.c.o
LOAD CMakeFiles/CatGenieEmulator.dir/Users/jenyatokarzhevsky/pico/pico-sdk/src/rp2_common/pico_bootrom/bootrom_lock.c.o
LOAD CMakeFiles/CatGenieEmulator.dir/Users/jenyatokarzhevsky/pico/pico-sdk/src/rp2_common/hardware_boot_lock/boot_lock.c.o
LOAD CMakeFiles/CatGenieEmulator.dir/Users/jenyatokarzhevsky/pico/pico-sdk/src/rp2_common/pico_flash/flash.c.o
LOAD CMakeFiles/CatGenieEmulator.dir/Users/jenyatokarzhevsky/pico/pico-sdk/src/rp2_common/hardware_xosc/xosc.c.o
LOAD CMakeFiles/CatGenieEmulator.dir/Users/jenyatokarzhevsky/pico/pico-sdk/src/rp2_common/hardware_divider/divider.S.o
LOAD CMakeFiles/CatGenieEmulator.dir/Users/jenyatokarzhevsky/pico/pico-sdk/src/rp2_common/pico_runtime/runtime.c.o
LOAD CMakeFiles/CatGenieEmulator.dir/Users/jenyatokarzhevsky/pico/pico-sdk/src/rp2_common/pico_runtime_init/runtime_init.c.o
LOAD CMakeFiles/CatGenieEmulator.dir/Users/jenyatokarzhevsky/pico/pico-sdk/src/rp2_common/pico_runtime_init/runtime_init_clocks.c.o
LOAD CMakeFiles/CatGenieEmulator.dir/Users/jenyatokarzhevsky/pico/pico-sdk/src/rp2_common/pico_runtime_init/runtime_init_stack_guard.c.o
LOAD CMakeFiles/CatGenieEmulator.dir/Users/jenyatokarzhevsky/pico/pico-sdk/src/rp2_common/pico_bit_ops/bit_ops_aeabi.S.o
LOAD CMakeFiles/CatGenieEmulator.dir/Users/jenyatokarzhevsky/pico/pico-sdk/src/rp2_common/pico_divider/divider_hardware.S.o
LOAD CMakeFiles/CatGenieEmulator.dir/Users/jenyatokarzhevsky/pico/pico-sdk/src/rp2_common/pico_double/double_aeabi_rp2040.S.o
LOAD CMakeFiles/CatGenieEmulator.dir/Users/jenyatokarzhevsky/pico/pico-sdk/src/rp2_common/pico_double/double_init_rom_rp2040.c.o
LOAD CMakeFiles/CatGenieEmulator.dir/Users/jenyatokarzhevsky/pico/pico-sdk/src/rp2_common/pico_double/double_math.c.o
LOAD CMakeFiles/CatGenieEmulator.dir/Users/jenyatokarzhevsky/pico/pico-sdk/src/rp2_common/pico_double/double_v1_rom_shim_rp2040.S.o
LOAD CMakeFiles/CatGenieEmulator.dir/Users/jenyatokarzhevsky/pico/pico-sdk/src/rp2_common/pico_int64_ops/pico_int64_ops_aeabi.S.o
LOAD CMakeFiles/CatGenieEmulator.dir/Users/jenyatokarzhevsky/pico/pico-sdk/src/rp2_common/pico_float/float_aeabi_rp2040.S.o
LOAD CMakeFiles/CatGenieEmulator.dir/Users/jenyatokarzhevsky/pico/pico-sdk/src/rp2_common/pico_float/float_init_rom_rp2040.c.o
LOAD CMakeFiles/CatGenieEmulator.dir/Users/jenyatokarzhevsky/pico/pico-sdk/src/rp2_common/pico_float/float_math.c.o
LOAD CMakeFiles/CatGenieEmulator.dir/Users/jenyatokarzhevsky/pico/pico-sdk/src/rp2_common/pico_float/float_v1_rom_shim_rp2040.S.o
LOAD CMakeFiles/CatGenieEmulator.dir/Users/jenyatokarzhevsky/pico/pico-sdk/src/rp2_common/pico_malloc/malloc.c.o
LOAD CMakeFiles/CatGenieEmulator.dir/Users/jenyatokarzhevsky/pico/pico-sdk/src/rp2_common/pico_mem_ops/mem_ops_aeabi.S.o
LOAD CMakeFiles/CatGenieEmulator.dir/Users/jenyatokarzhevsky/pico/pico-sdk/src/rp2_common/pico_atomic/atomic.c.o
LOAD CMakeFiles/CatGenieEmulator.dir/Users/jenyatokarzhevsky/pico/pico-sdk/src/rp2_common/pico_cxx_options/new_delete.cpp.o
LOAD CMakeFiles/CatGenieEmulator.dir/Users/jenyatokarzhevsky/pico/pico-sdk/src/rp2_common/pico_standard_binary_info/standard_binary_info.c.o
LOAD CMakeFiles/CatGenieEmulator.dir/Users/jenyatokarzhevsky/pico/pico-sdk/src/rp2_common/pico_printf/printf.c.o
LOAD CMakeFiles/CatGenieEmulator.dir/Users/jenyatokarzhevsky/pico/pico-sdk/src/rp2_common/pico_crt0/crt0.S.o
LOAD CMakeFiles/CatGenieEmulator.dir/Users/jenyatokarzhevsky/pico/pico-sdk/src/rp2_common/pico_clib_interface/newlib_interface.c.o
LOAD CMakeFiles/CatGenieEmulator.dir/Users/jenyatokarzhevsky/pico/pico-sdk/src/rp2_common/pico_stdio/stdio.c.o
LOAD CMakeFiles/CatGenieEmulator.dir/Users/jenyatokarzhevsky/pico/pico-sdk/src/rp2_common/pico_stdio_usb/reset_interface.c.o
LOAD CMakeFiles/CatGenieEmulator.dir/Users/jenyatokarzhevsky/pico/pico-sdk/src/rp2_common/pico_stdio_usb/stdio_usb.c.o
LOAD CMakeFiles/CatGenieEmulator.dir/Users/jenyatokarzhevsky/pico/pico-sdk/src/rp2_common/pico_stdio_usb/stdio_usb_descriptors.c.o
LOAD CMakeFiles/CatGenieEmulator.dir/Users/jenyatokarzhevsky/pico/pico-sdk/src/rp2_common/pico_unique_id/unique_id.c.o
LOAD CMakeFiles/CatGenieEmulator.dir/Users/jenyatokarzhevsky/pico/pico-sdk/src/rp2_common/hardware_flash/flash.c.o
LOAD CMakeFiles/CatGenieEmulator.dir/Users/jenyatokarzhevsky/pico/pico-sdk/src/rp2_common/hardware_xip_cache/xip_cache.c.o
LOAD CMakeFiles/CatGenieEmulator.dir/Users/jenyatokarzhevsky/pico/pico-sdk/lib/tinyusb/src/portable/raspberrypi/rp2040/dcd_rp2040.c.o
LOAD CMakeFiles/CatGenieEmulator.dir/Users/jenyatokarzhevsky/pico/pico-sdk/lib/tinyusb/src/portable/raspberrypi/rp2040/rp2040_usb.c.o
LOAD CMakeFiles/CatGenieEmulator.dir/Users/jenyatokarzhevsky/pico/pico-sdk/lib/tinyusb/src/device/usbd.c.o
LOAD CMakeFiles/CatGenieEmulator.dir/Users/jenyatokarzhevsky/pico/pico-sdk/lib/tinyusb/src/device/usbd_control.c.o
LOAD CMakeFiles/CatGenieEmulator.dir/Users/jenyatokarzhevsky/pico/pico-sdk/lib/tinyusb/src/class/audio/audio_device.c.o
LOAD CMakeFiles/CatGenieEmulator.dir/Users/jenyatokarzhevsky/pico/pico-sdk/lib/tinyusb/src/class/cdc/cdc_device.c.o
LOAD CMakeFiles/CatGenieEmulator.dir/Users/jenyatokarzhevsky/pico/pico-sdk/lib/tinyusb/src/class/dfu/dfu_device.c.o
LOAD CMakeFiles/CatGenieEmulator.dir/Users/jenyatokarzhevsky/pico/pico-sdk/lib/tinyusb/src/class/dfu/dfu_rt_device.c.o
LOAD CMakeFiles/CatGenieEmulator.dir/Users/jenyatokarzhevsky/pico/pico-sdk/lib/tinyusb/src/class/hid/hid_device.c.o
LOAD CMakeFiles/CatGenieEmulator.dir/Users/jenyatokarzhevsky/pico/pico-sdk/lib/tinyusb/src/class/midi/midi_device.c.o
LOAD CMakeFiles/CatGenieEmulator.dir/Users/jenyatokarzhevsky/pico/pico-sdk/lib/tinyusb/src/class/msc/msc_device.c.o
LOAD CMakeFiles/CatGenieEmulator.dir/Users/jenyatokarzhevsky/pico/pico-sdk/lib/tinyusb/src/class/net/ecm_rndis_device.c.o
LOAD CMakeFiles/CatGenieEmulator.dir/Users/jenyatokarzhevsky/pico/pico-sdk/lib/tinyusb/src/class/net/ncm_device.c.o
LOAD CMakeFiles/CatGenieEmulator.dir/Users/jenyatokarzhevsky/pico/pico-sdk/lib/tinyusb/src/class/usbtmc/usbtmc_device.c.o
LOAD CMakeFiles/CatGenieEmulator.dir/Users/jenyatokarzhevsky/pico/pico-sdk/lib/tinyusb/src/class/vendor/vendor_device.c.o
LOAD CMakeFiles/CatGenieEmulator.dir/Users/jenyatokarzhevsky/pico/pico-sdk/lib/tinyusb/src/class/video/video_device.c.o
LOAD CMakeFiles/CatGenieEmulator.dir/Users/jenyatokarzhevsky/pico/pico-sdk/lib/tinyusb/src/tusb.c.o
LOAD CMakeFiles/CatGenieEmulator.dir/Users/jenyatokarzhevsky/pico/pico-sdk/lib/tinyusb/src/common/tusb_fifo.c.o
LOAD CMakeFiles/CatGenieEmulator.dir/Users/jenyatokarzhevsky/pico/pico-sdk/src/rp2_common/pico_fix/rp2040_usb_device_enumeration/rp2040_usb_device_enumeration.c.o
LOAD CMakeFiles/CatGenieEmulator.dir/Users/jenyatokarzhevsky/pico/pico-sdk/src/rp2_common/hardware_spi/spi.c.o
LOAD CMakeFiles/CatGenieEmulator.dir/Users/jenyatokarzhevsky/pico/pico-sdk/src/rp2_common/hardware_i2c/i2c.c.o
LOAD CMakeFiles/CatGenieEmulator.dir/Users/jenyatokarzhevsky/pico/pico-sdk/src/rp2_common/hardware_pio/pio.c.o
LOAD pico-sdk/src/rp2040/boot_stage2/CMakeFiles/bs2_default_library.dir/./bs2_default_padded_checksummed.S.o
LOAD /Applications/ArmGNUToolchain/15.2.rel1/arm-none-eabi/bin/../lib/gcc/arm-none-eabi/15.2.1/../../../../arm-none-eabi/lib/thumb/v6-m/nofp/libstdc++.a
LOAD /Applications/ArmGNUToolchain/15.2.rel1/arm-none-eabi/bin/../lib/gcc/arm-none-eabi/15.2.1/../../../../arm-none-eabi/lib/thumb/v6-m/nofp/libm.a
START GROUP
LOAD /Applications/ArmGNUToolchain/15.2.rel1/arm-none-eabi/bin/../lib/gcc/arm-none-eabi/15.2.1/thumb/v6-m/nofp/libgcc.a
LOAD /Applications/ArmGNUToolchain/15.2.rel1/arm-none-eabi/bin/../lib/gcc/arm-none-eabi/15.2.1/../../../../arm-none-eabi/lib/thumb/v6-m/nofp/libg.a
LOAD /Applications/ArmGNUToolchain/15.2.rel1/arm-none-eabi/bin/../lib/gcc/arm-none-eabi/15.2.1/../../../../arm-none-eabi/lib/thumb/v6-m/nofp/libc.a
END GROUP
START GROUP
LOAD /Applications/ArmGNUToolchain/15.2.rel1/arm-none-eabi/bin/../lib/gcc/arm-none-eabi/15.2.1/thumb/v6-m/nofp/libgcc.a
LOAD /Applications/ArmGNUToolchain/15.2.rel1/arm-none-eabi/bin/../lib/gcc/arm-none-eabi/15.2.1/../../../../arm-none-eabi/lib/thumb/v6-m/nofp/libc.a
LOAD /Applications/ArmGNUToolchain/15.2.rel1/arm-none-eabi/bin/../lib/gcc/arm-none-eabi/15.2.1/../../../../arm-none-eabi/lib/thumb/v6-m/nofp/libnosys.a
END GROUP
LOAD /Applications/ArmGNUToolchain/15.2.rel1/arm-none-eabi/bin/../lib/gcc/arm-none-eabi/15.2.1/thumb/v6-m/nofp/crtend.o
LOAD /Applications/ArmGNUToolchain/15.2.rel1/arm-none-eabi/bin/../lib/gcc/arm-none-eabi/15.2.1/thumb/v6-m/nofp/crtn.o
OUTPUT(CatGenieEmulator.elf elf32-littlearm)
LOAD linker stubs

.ARM.attributes
                0x00000000       0x28
 .ARM.attributes
                0x00000000       0x1e /Applications/ArmGNUToolchain/15.2.rel1/arm-none-eabi/bin/../lib/gcc/arm-none-eabi/15.2.1/thumb/v6-m/nofp/crti.o
 .ARM.attributes
                0x0000001e       0x2c /Applications/ArmGNUToolchain/15.2.rel1/arm-none-eabi/bin/../lib/gcc/arm-none-eabi/15.2.1/thumb/v6-m/nofp/crtbegin.o
 .ARM.attributes
                0x0000004a       0x2c CMakeFiles/CatGenieEmulator.dir/main.c.o
 .ARM.attributes
                0x00000076       0x2c CMakeFiles/CatGenieEmulator.dir/Users/jenyatokarzhevsky/pico/pico-sdk/src/rp2_common/hardware_gpio/gpio.c.o
 .ARM.attributes
                0x000000a2       0x2c CMakeFiles/CatGenieEmulator.dir/Users/jenyatokarzhevsky/pico/pico-sdk/src/rp2_common/pico_platform_panic/panic.c.o
 .ARM.attributes
                0x000000ce       0x2c CMakeFiles/CatGenieEmulator.dir/Users/jenyatokarzhevsky/pico/pico-sdk/src/common/hardware_claim/claim.c.o
 .ARM.attributes
                0x000000fa       0x2c CMakeFiles/CatGenieEmulator.dir/Users/jenyatokarzhevsky/pico/pico-sdk/src/rp2_common/hardware_sync/sync.c.o
 .ARM.attributes
                0x00000126       0x2c CMakeFiles/CatGenieEmulator.dir/Users/jenyatokarzhevsky/pico/pico-sdk/src/rp2_common/hardware_sync_spin_lock/sync_spin_lock.c.o
 .ARM.attributes
                0x00000152       0x2c CMakeFiles/CatGenieEmulator.dir/Users/jenyatokarzhevsky/pico/pico-sdk/src/rp2_common/hardware_irq/irq.c.o
 .ARM.attributes
                0x0000017e       0x2c CMakeFiles/CatGenieEmulator.dir/Users/jenyatokarzhevsky/pico/pico-sdk/src/common/pico_sync/lock_core.c.o
 .ARM.attributes
                0x000001aa       0x2c CMakeFiles/CatGenieEmulator.dir/Users/jenyatokarzhevsky/pico/pico-sdk/src/common/pico_sync/mutex.c.o
 .ARM.attributes
                0x000001d6       0x2c CMakeFiles/CatGenieEmulator.dir/Users/jenyatokarzhevsky/pico/pico-sdk/src/common/pico_time/time.c.o
 .ARM.attributes
                0x00000202       0x2c CMakeFiles/CatGenieEmulator.dir/Users/jenyatokarzhevsky/pico/pico-sdk/src/rp2_common/hardware_timer/timer.c.o
 .ARM.attributes
                0x0000022e       0x2c CMakeFiles/CatGenieEmulator.dir/Users/jenyatokarzhevsky/pico/pico-sdk/src/rp2_common/hardware_clocks/clocks.c.o
 .ARM.attributes
                0x0000025a       0x2c CMakeFiles/CatGenieEmulator.dir/Users/jenyatokarzhevsky/pico/pico-sdk/src/rp2_common/hardware_pll/pll.c.o
 .ARM.attributes
                0x00000286       0x2c CMakeFiles/CatGenieEmulator.dir/Users/jenyatokarzhevsky/pico/pico-sdk/src/rp2_common/hardware_ticks/ticks.c.o
 .ARM.attributes
                0x000002b2       0x2c CMakeFiles/CatGenieEmulator.dir/Users/jenyatokarzhevsky/pico/pico-sdk/src/rp2_common/pico_bootrom/bootrom.c.o
 .ARM.attributes
                0x000002de       0x2c CMakeFiles/CatGenieEmulator.dir/Users/jenyatokarzhevsky/pico/pico-sdk/src/rp2_common/hardware_xosc/xosc.c.o
 .ARM.attributes
                0x0000030a       0x2c CMakeFiles/CatGenieEmulator.dir/Users/jenyatokarzhevsky/pico/pico-sdk/src/rp2_common/pico_runtime/runtime.c.o
 .ARM.attributes
                0x00000336       0x2c CMakeFiles/CatGenieEmulator.dir/Users/jenyatokarzhevsky/pico/pico-sdk/src/rp2_common/pico_runtime_init/runtime_init.c.o
 .ARM.attributes
                0x00000362       0x2c CMakeFiles/CatGenieEmulator.dir/Users/jenyatokarzhevsky/pico/pico-sdk/src/rp2_common/pico_runtime_init/runtime_init_clocks.c.o
 .ARM.attributes
                0x0000038e       0x22 CMakeFiles/CatGenieEmulator.dir/Users/jenyatokarzhevsky/pico/pico-sdk/src/rp2_common/pico_bit_ops/bit_ops_aeabi.S.o
 .ARM.attributes
                0x000003b0       0x22 CMakeFiles/CatGenieEmulator.dir/Users/jenyatokarzhevsky/pico/pico-sdk/src/rp2_common/pico_divider/divider_hardware.S.o
 .ARM.attributes
                0x000003d2       0x22 CMakeFiles/CatGenieEmulator.dir/Users/jenyatokarzhevsky/pico/pico-sdk/src/rp2_common/pico_double/double_aeabi_rp2040.S.o
 .ARM.attributes
                0x000003f4       0x2c CMakeFiles/CatGenieEmulator.dir/Users/jenyatokarzhevsky/pico/pico-sdk/src/rp2_common/pico_double/double_init_rom_rp2040.c.o
 .ARM.attributes
                0x00000420       0x22 CMakeFiles/CatGenieEmulator.dir/Users/jenyatokarzhevsky/pico/pico-sdk/src/rp2_common/pico_double/double_v1_rom_shim_rp2040.S.o
 .ARM.attributes
                0x00000442       0x22 CMakeFiles/CatGenieEmulator.dir/Users/jenyatokarzhevsky/pico/pico-sdk/src/rp2_common/pico_int64_ops/pico_int64_ops_aeabi.S.o
 .ARM.attributes
                0x00000464       0x22 CMakeFiles/CatGenieEmulator.dir/Users/jenyatokarzhevsky/pico/pico-sdk/src/rp2_common/pico_float/float_aeabi_rp2040.S.o
 .ARM.attributes
                0x00000486       0x2c CMakeFiles/CatGenieEmulator.dir/Users/jenyatokarzhevsky/pico/pico-sdk/src/rp2_common/pico_float/float_init_rom_rp2040.c.o
 .ARM.attributes
                0x000004b2       0x22 CMakeFiles/CatGenieEmulator.dir/Users/jenyatokarzhevsky/pico/pico-sdk/src/rp2_common/pico_mem_ops/mem_ops_aeabi.S.o
 .ARM.attributes
                0x000004d4       0x2c CMakeFiles/CatGenieEmulator.dir/Users/jenyatokarzhevsky/pico/pico-sdk/src/rp2_common/pico_standard_binary_info/standard_binary_info.c.o
 .ARM.attributes
                0x00000500       0x2c CMakeFiles/CatGenieEmulator.dir/Users/jenyatokarzhevsky/pico/pico-sdk/src/rp2_common/pico_printf/printf.c.o
 .ARM.attributes
                0x0000052c       0x22 CMakeFiles/CatGenieEmulator.dir/Users/jenyatokarzhevsky/pico/pico-sdk/src/rp2_common/pico_crt0/crt0.S.o
 .ARM.attributes
                0x0000054e       0x2c CMakeFiles/CatGenieEmulator.dir/Users/jenyatokarzhevsky/pico/pico-sdk/src/rp2_common/pico_clib_interface/newlib_interface.c.o
 .ARM.attributes
                0x0000057a       0x2c CMakeFiles/CatGenieEmulator.dir/Users/jenyatokarzhevsky/pico/pico-sdk/src/rp2_common/pico_stdio/stdio.c.o
 .ARM.attributes
                0x000005a6       0x2c CMakeFiles/CatGenieEmulator.dir/Users/jenyatokarzhevsky/pico/pico-sdk/src/rp2_common/pico_unique_id/unique_id.c.o
 .ARM.attributes
                0x000005d2       0x2c CMakeFiles/CatGenieEmulator.dir/Users/jenyatokarzhevsky/pico/pico-sdk/src/rp2_common/hardware_flash/flash.c.o
 .ARM.attributes
                0x000005fe       0x2c CMakeFiles/CatGenieEmulator.dir/Users/jenyatokarzhevsky/pico/pico-sdk/src/rp2_common/hardware_i2c/i2c.c.o
 .ARM.attributes
                0x0000062a       0x22 pico-sdk/src/rp2040/boot_stage2/CMakeFiles/bs2_default_library.dir/./bs2_default_padded_checksummed.S.o
 .ARM.attributes
                0x0000064c       0x1e /Applications/ArmGNUToolchain/15.2.rel1/arm-none-eabi/bin/../lib/gcc/arm-none-eabi/15.2.1/thumb/v6-m/nofp/libgcc.a(_dvmd_tls.o)
 .ARM.attributes
                0x0000066a       0x2c /Applications/ArmGNUToolchain/15.2.rel1/arm-none-eabi/bin/../lib/gcc/arm-none-eabi/15.2.1/../../../../arm-none-eabi/lib/thumb/v6-m/nofp/libg.a(libc_a-strlen-stub.o)
 .ARM.attributes
                0x00000696       0x2c /Applications/ArmGNUToolchain/15.2.rel1/arm-none-eabi/bin/../lib/gcc/arm-none-eabi/15.2.1/thumb/v6-m/nofp/crtend.o

.comment        0x00000000       0x45
 .comment       0x00000000       0x45 CMakeFiles/CatGenieEmulator.dir/main.c.o
                                 0x46 (size before relaxing)
 .comment       0x00000045        0x0 CMakeFiles/CatGenieEmulator.dir/Users/jenyatokarzhevsky/pico/pico-sdk/src/rp2_common/hardware_gpio/gpio.c.o
                                 0x46 (size before relaxing)
 .comment       0x00000045        0x0 CMakeFiles/CatGenieEmulator.dir/Users/jenyatokarzhevsky/pico/pico-sdk/src/rp2_common/pico_platform_panic/panic.c.o
                                 0x46 (size before relaxing)
 .comment       0x00000045        0x0 CMakeFiles/CatGenieEmulator.dir/Users/jenyatokarzhevsky/pico/pico-sdk/src/common/hardware_claim/claim.c.o
                                 0x46 (size before relaxing)
 .comment       0x00000045        0x0 CMakeFiles/CatGenieEmulator.dir/Users/jenyatokarzhevsky/pico/pico-sdk/src/rp2_common/hardware_sync/sync.c.o
                                 0x46 (size before relaxing)
 .comment       0x00000045        0x0 CMakeFiles/CatGenieEmulator.dir/Users/jenyatokarzhevsky/pico/pico-sdk/src/rp2_common/hardware_sync_spin_lock/sync_spin_lock.c.o
                                 0x46 (size before relaxing)
 .comment       0x00000045        0x0 CMakeFiles/CatGenieEmulator.dir/Users/jenyatokarzhevsky/pico/pico-sdk/src/rp2_common/hardware_irq/irq.c.o
                                 0x46 (size before relaxing)
 .comment       0x00000045        0x0 CMakeFiles/CatGenieEmulator.dir/Users/jenyatokarzhevsky/pico/pico-sdk/src/common/pico_sync/lock_core.c.o
                                 0x46 (size before relaxing)
 .comment       0x00000045        0x0 CMakeFiles/CatGenieEmulator.dir/Users/jenyatokarzhevsky/pico/pico-sdk/src/common/pico_sync/mutex.c.o
                                 0x46 (size before relaxing)
 .comment       0x00000045        0x0 CMakeFiles/CatGenieEmulator.dir/Users/jenyatokarzhevsky/pico/pico-sdk/src/common/pico_time/time.c.o
                                 0x46 (size before relaxing)
 .comment       0x00000045        0x0 CMakeFiles/CatGenieEmulator.dir/Users/jenyatokarzhevsky/pico/pico-sdk/src/rp2_common/hardware_timer/timer.c.o
                                 0x46 (size before relaxing)
 .comment       0x00000045        0x0 CMakeFiles/CatGenieEmulator.dir/Users/jenyatokarzhevsky/pico/pico-sdk/src/rp2_common/hardware_clocks/clocks.c.o
                                 0x46 (size before relaxing)
 .comment       0x00000045        0x0 CMakeFiles/CatGenieEmulator.dir/Users/jenyatokarzhevsky/pico/pico-sdk/src/rp2_common/hardware_pll/pll.c.o
                                 0x46 (size before relaxing)
 .comment       0x00000045        0x0 CMakeFiles/CatGenieEmulator.dir/Users/jenyatokarzhevsky/pico/pico-sdk/src/rp2_common/hardware_ticks/ticks.c.o
                                 0x46 (size before relaxing)
 .comment       0x00000045        0x0 CMakeFiles/CatGenieEmulator.dir/Users/jenyatokarzhevsky/pico/pico-sdk/src/rp2_common/pico_bootrom/bootrom.c.o
                                 0x46 (size before relaxing)
 .comment       0x00000045        0x0 CMakeFiles/CatGenieEmulator.dir/Users/jenyatokarzhevsky/pico/pico-sdk/src/rp2_common/hardware_xosc/xosc.c.o
                                 0x46 (size before relaxing)
 .comment       0x00000045        0x0 CMakeFiles/CatGenieEmulator.dir/Users/jenyatokarzhevsky/pico/pico-sdk/src/rp2_common/pico_runtime/runtime.c.o
                                 0x46 (size before relaxing)
 .comment       0x00000045        0x0 CMakeFiles/CatGenieEmulator.dir/Users/jenyatokarzhevsky/pico/pico-sdk/src/rp2_common/pico_runtime_init/runtime_init.c.o
                                 0x46 (size before relaxing)
 .comment       0x00000045        0x0 CMakeFiles/CatGenieEmulator.dir/Users/jenyatokarzhevsky/pico/pico-sdk/src/rp2_common/pico_runtime_init/runtime_init_clocks.c.o
                                 0x46 (size before relaxing)
 .comment       0x00000045        0x0 CMakeFiles/CatGenieEmulator.dir/Users/jenyatokarzhevsky/pico/pico-sdk/src/rp2_common/pico_double/double_init_rom_rp2040.c.o
                                 0x46 (size before relaxing)
 .comment       0x00000045        0x0 CMakeFiles/CatGenieEmulator.dir/Users/jenyatokarzhevsky/pico/pico-sdk/src/rp2_common/pico_float/float_init_rom_rp2040.c.o
                                 0x46 (size before relaxing)
 .comment       0x00000045        0x0 CMakeFiles/CatGenieEmulator.dir/Users/jenyatokarzhevsky/pico/pico-sdk/src/rp2_common/pico_standard_binary_info/standard_binary_info.c.o
                                 0x46 (size before relaxing)
 .comment       0x00000045        0x0 CMakeFiles/CatGenieEmulator.dir/Users/jenyatokarzhevsky/pico/pico-sdk/src/rp2_common/pico_printf/printf.c.o
                                 0x46 (size before relaxing)
 .comment       0x00000045        0x0 CMakeFiles/CatGenieEmulator.dir/Users/jenyatokarzhevsky/pico/pico-sdk/src/rp2_common/pico_clib_interface/newlib_interface.c.o
                                 0x46 (size before relaxing)
 .comment       0x00000045        0x0 CMakeFiles/CatGenieEmulator.dir/Users/jenyatokarzhevsky/pico/pico-sdk/src/rp2_common/pico_stdio/stdio.c.o
                                 0x46 (size before relaxing)
 .comment       0x00000045        0x0 CMakeFiles/CatGenieEmulator.dir/Users/jenyatokarzhevsky/pico/pico-sdk/src/rp2_common/pico_unique_id/unique_id.c.o
                                 0x46 (size before relaxing)
 .comment       0x00000045        0x0 CMakeFiles/CatGenieEmulator.dir/Users/jenyatokarzhevsky/pico/pico-sdk/src/rp2_common/hardware_flash/flash.c.o
                                 0x46 (size before relaxing)
 .comment       0x00000045        0x0 CMakeFiles/CatGenieEmulator.dir/Users/jenyatokarzhevsky/pico/pico-sdk/src/rp2_common/hardware_i2c/i2c.c.o
                                 0x46 (size before relaxing)

.debug_info     0x00000000    0x18172
 .debug_info    0x00000000     0x1415 CMakeFiles/CatGenieEmulator.dir/main.c.o
 .debug_info    0x00001415     0x1da7 CMakeFiles/CatGenieEmulator.dir/Users/jenyatokarzhevsky/pico/pico-sdk/src/rp2_common/hardware_gpio/gpio.c.o
 .debug_info    0x000031bc      0x1b4 CMakeFiles/CatGenieEmulator.dir/Users/jenyatokarzhevsky/pico/pico-sdk/src/rp2_common/pico_platform_panic/panic.c.o
 .debug_info    0x00003370      0x6b1 CMakeFiles/CatGenieEmulator.dir/Users/jenyatokarzhevsky/pico/pico-sdk/src/common/hardware_claim/claim.c.o
 .debug_info    0x00003a21      0x468 CMakeFiles/CatGenieEmulator.dir/Users/jenyatokarzhevsky/pico/pico-sdk/src/rp2_common/hardware_sync/sync.c.o
 .debug_info    0x00003e89      0x2f7 CMakeFiles/CatGenieEmulator.dir/Users/jenyatokarzhevsky/pico/pico-sdk/src/rp2_common/hardware_sync_spin_lock/sync_spin_lock.c.o
 .debug_info    0x00004180     0x2036 CMakeFiles/CatGenieEmulator.dir/Users/jenyatokarzhevsky/pico/pico-sdk/src/rp2_common/hardware_irq/irq.c.o
 .debug_info    0x000061b6      0x1af CMakeFiles/CatGenieEmulator.dir/Users/jenyatokarzhevsky/pico/pico-sdk/src/common/pico_sync/lock_core.c.o
 .debug_info    0x00006365     0x1e22 CMakeFiles/CatGenieEmulator.dir/Users/jenyatokarzhevsky/pico/pico-sdk/src/common/pico_sync/mutex.c.o
 .debug_info    0x00008187     0x34b3 CMakeFiles/CatGenieEmulator.dir/Users/jenyatokarzhevsky/pico/pico-sdk/src/common/pico_time/time.c.o
 .debug_info    0x0000b63a     0x19ce CMakeFiles/CatGenieEmulator.dir/Users/jenyatokarzhevsky/pico/pico-sdk/src/rp2_common/hardware_timer/timer.c.o
 .debug_info    0x0000d008     0x15b9 CMakeFiles/CatGenieEmulator.dir/Users/jenyatokarzhevsky/pico/pico-sdk/src/rp2_common/hardware_clocks/clocks.c.o
 .debug_info    0x0000e5c1      0x64f CMakeFiles/CatGenieEmulator.dir/Users/jenyatokarzhevsky/pico/pico-sdk/src/rp2_common/hardware_pll/pll.c.o
 .debug_info    0x0000ec10      0x2b2 CMakeFiles/CatGenieEmulator.dir/Users/jenyatokarzhevsky/pico/pico-sdk/src/rp2_common/hardware_ticks/ticks.c.o
 .debug_info    0x0000eec2      0x491 CMakeFiles/CatGenieEmulator.dir/Users/jenyatokarzhevsky/pico/pico-sdk/src/rp2_common/pico_bootrom/bootrom.c.o
 .debug_info    0x0000f353      0x1d0 CMakeFiles/CatGenieEmulator.dir/Users/jenyatokarzhevsky/pico/pico-sdk/src/rp2_common/hardware_xosc/xosc.c.o
 .debug_info    0x0000f523      0x1bc CMakeFiles/CatGenieEmulator.dir/Users/jenyatokarzhevsky/pico/pico-sdk/src/rp2_common/pico_runtime/runtime.c.o
 .debug_info    0x0000f6df      0x805 CMakeFiles/CatGenieEmulator.dir/Users/jenyatokarzhevsky/pico/pico-sdk/src/rp2_common/pico_runtime_init/runtime_init.c.o